Archive member included to satisfy reference by file (symbol)

c:/program files (x86)/atmel/studio/7.0/toolchain/avr8/avr8-gnu-toolchain/bin/../lib/gcc/avr/5.4.0/../../../../avr/lib/avr5\libm.a(addsf3.o)
                              Sketch.o (__subsf3)
c:/program files (x86)/atmel/studio/7.0/toolchain/avr8/avr8-gnu-toolchain/bin/../lib/gcc/avr/5.4.0/../../../../avr/lib/avr5\libm.a(addsf3x.o)
                              c:/program files (x86)/atmel/studio/7.0/toolchain/avr8/avr8-gnu-toolchain/bin/../lib/gcc/avr/5.4.0/../../../../avr/lib/avr5\libm.a(addsf3.o) (__addsf3x)
c:/program files (x86)/atmel/studio/7.0/toolchain/avr8/avr8-gnu-toolchain/bin/../lib/gcc/avr/5.4.0/../../../../avr/lib/avr5\libm.a(cmpsf2.o)
                              Sketch.o (__eqsf2)
c:/program files (x86)/atmel/studio/7.0/toolchain/avr8/avr8-gnu-toolchain/bin/../lib/gcc/avr/5.4.0/../../../../avr/lib/avr5\libm.a(floatsisf.o)
                              Sketch.o (__floatunsisf)
c:/program files (x86)/atmel/studio/7.0/toolchain/avr8/avr8-gnu-toolchain/bin/../lib/gcc/avr/5.4.0/../../../../avr/lib/avr5\libm.a(fp_cmp.o)
                              c:/program files (x86)/atmel/studio/7.0/toolchain/avr8/avr8-gnu-toolchain/bin/../lib/gcc/avr/5.4.0/../../../../avr/lib/avr5\libm.a(cmpsf2.o) (__fp_cmp)
c:/program files (x86)/atmel/studio/7.0/toolchain/avr8/avr8-gnu-toolchain/bin/../lib/gcc/avr/5.4.0/../../../../avr/lib/avr5\libm.a(fp_inf.o)
                              c:/program files (x86)/atmel/studio/7.0/toolchain/avr8/avr8-gnu-toolchain/bin/../lib/gcc/avr/5.4.0/../../../../avr/lib/avr5\libm.a(addsf3x.o) (__fp_inf)
c:/program files (x86)/atmel/studio/7.0/toolchain/avr8/avr8-gnu-toolchain/bin/../lib/gcc/avr/5.4.0/../../../../avr/lib/avr5\libm.a(fp_nan.o)
                              c:/program files (x86)/atmel/studio/7.0/toolchain/avr8/avr8-gnu-toolchain/bin/../lib/gcc/avr/5.4.0/../../../../avr/lib/avr5\libm.a(addsf3x.o) (__fp_nan)
c:/program files (x86)/atmel/studio/7.0/toolchain/avr8/avr8-gnu-toolchain/bin/../lib/gcc/avr/5.4.0/../../../../avr/lib/avr5\libm.a(fp_pscA.o)
                              c:/program files (x86)/atmel/studio/7.0/toolchain/avr8/avr8-gnu-toolchain/bin/../lib/gcc/avr/5.4.0/../../../../avr/lib/avr5\libm.a(addsf3x.o) (__fp_pscA)
c:/program files (x86)/atmel/studio/7.0/toolchain/avr8/avr8-gnu-toolchain/bin/../lib/gcc/avr/5.4.0/../../../../avr/lib/avr5\libm.a(fp_pscB.o)
                              c:/program files (x86)/atmel/studio/7.0/toolchain/avr8/avr8-gnu-toolchain/bin/../lib/gcc/avr/5.4.0/../../../../avr/lib/avr5\libm.a(addsf3x.o) (__fp_pscB)
c:/program files (x86)/atmel/studio/7.0/toolchain/avr8/avr8-gnu-toolchain/bin/../lib/gcc/avr/5.4.0/../../../../avr/lib/avr5\libm.a(fp_round.o)
                              c:/program files (x86)/atmel/studio/7.0/toolchain/avr8/avr8-gnu-toolchain/bin/../lib/gcc/avr/5.4.0/../../../../avr/lib/avr5\libm.a(addsf3.o) (__fp_round)
c:/program files (x86)/atmel/studio/7.0/toolchain/avr8/avr8-gnu-toolchain/bin/../lib/gcc/avr/5.4.0/../../../../avr/lib/avr5\libm.a(fp_split3.o)
                              c:/program files (x86)/atmel/studio/7.0/toolchain/avr8/avr8-gnu-toolchain/bin/../lib/gcc/avr/5.4.0/../../../../avr/lib/avr5\libm.a(addsf3x.o) (__fp_split3)
c:/program files (x86)/atmel/studio/7.0/toolchain/avr8/avr8-gnu-toolchain/bin/../lib/gcc/avr/5.4.0/../../../../avr/lib/avr5\libm.a(fp_zero.o)
                              c:/program files (x86)/atmel/studio/7.0/toolchain/avr8/avr8-gnu-toolchain/bin/../lib/gcc/avr/5.4.0/../../../../avr/lib/avr5\libm.a(addsf3x.o) (__fp_zero)
c:/program files (x86)/atmel/studio/7.0/toolchain/avr8/avr8-gnu-toolchain/bin/../lib/gcc/avr/5.4.0/../../../../avr/lib/avr5\libm.a(gesf2.o)
                              Sketch.o (__gtsf2)
c:/program files (x86)/atmel/studio/7.0/toolchain/avr8/avr8-gnu-toolchain/bin/../lib/gcc/avr/5.4.0/../../../../avr/lib/avr5\libm.a(mulsf3.o)
                              Sketch.o (__mulsf3)
c:/program files (x86)/atmel/studio/7.0/toolchain/avr8/avr8-gnu-toolchain/bin/../lib/gcc/avr/5.4.0/../../../../avr/lib/avr5\libm.a(mulsf3x.o)
                              c:/program files (x86)/atmel/studio/7.0/toolchain/avr8/avr8-gnu-toolchain/bin/../lib/gcc/avr/5.4.0/../../../../avr/lib/avr5\libm.a(mulsf3.o) (__mulsf3x)
D:\hanze\Hanze jaar 2\Project-embedded-systems\afstand_sensor\ArduinoSketch1\ArduinoCore\Debug\libArduinoCore.a(HardwareSerial.o)
                              Sketch.o (_ZN14HardwareSerial5beginEmh)
D:\hanze\Hanze jaar 2\Project-embedded-systems\afstand_sensor\ArduinoSketch1\ArduinoCore\Debug\libArduinoCore.a(HardwareSerial0.o)
                              Sketch.o (Serial)
D:\hanze\Hanze jaar 2\Project-embedded-systems\afstand_sensor\ArduinoSketch1\ArduinoCore\Debug\libArduinoCore.a(main.o)
                              C:/Program Files (x86)/Atmel/Studio/7.0/Packs/atmel/ATmega_DFP/1.3.300/gcc/dev/atmega328p/avr5/crtatmega328p.o (main)
D:\hanze\Hanze jaar 2\Project-embedded-systems\afstand_sensor\ArduinoSketch1\ArduinoCore\Debug\libArduinoCore.a(Print.o)
                              D:\hanze\Hanze jaar 2\Project-embedded-systems\afstand_sensor\ArduinoSketch1\ArduinoCore\Debug\libArduinoCore.a(HardwareSerial.o) (_ZN5Print5writeEPKhj)
D:\hanze\Hanze jaar 2\Project-embedded-systems\afstand_sensor\ArduinoSketch1\ArduinoCore\Debug\libArduinoCore.a(wiring.o)
                              Sketch.o (delay)
D:\hanze\Hanze jaar 2\Project-embedded-systems\afstand_sensor\ArduinoSketch1\ArduinoCore\Debug\libArduinoCore.a(wiring_digital.o)
                              Sketch.o (pinMode)
D:\hanze\Hanze jaar 2\Project-embedded-systems\afstand_sensor\ArduinoSketch1\ArduinoCore\Debug\libArduinoCore.a(wiring_pulse.o)
                              Sketch.o (pulseIn)
D:\hanze\Hanze jaar 2\Project-embedded-systems\afstand_sensor\ArduinoSketch1\ArduinoCore\Debug\libArduinoCore.a(abi.o)
                              D:\hanze\Hanze jaar 2\Project-embedded-systems\afstand_sensor\ArduinoSketch1\ArduinoCore\Debug\libArduinoCore.a(Print.o) (__cxa_pure_virtual)
D:\hanze\Hanze jaar 2\Project-embedded-systems\afstand_sensor\ArduinoSketch1\ArduinoCore\Debug\libArduinoCore.a(hooks.o)
                              D:\hanze\Hanze jaar 2\Project-embedded-systems\afstand_sensor\ArduinoSketch1\ArduinoCore\Debug\libArduinoCore.a(wiring.o) (yield)
D:\hanze\Hanze jaar 2\Project-embedded-systems\afstand_sensor\ArduinoSketch1\ArduinoCore\Debug\libArduinoCore.a(wiring_pulse.o)
                              D:\hanze\Hanze jaar 2\Project-embedded-systems\afstand_sensor\ArduinoSketch1\ArduinoCore\Debug\libArduinoCore.a(wiring_pulse.o) (countPulseASM)
c:/program files (x86)/atmel/studio/7.0/toolchain/avr8/avr8-gnu-toolchain/bin/../lib/gcc/avr/5.4.0/../../../../avr/lib/avr5\libm.a(divsf3.o)
                              D:\hanze\Hanze jaar 2\Project-embedded-systems\afstand_sensor\ArduinoSketch1\ArduinoCore\Debug\libArduinoCore.a(Print.o) (__divsf3)
c:/program files (x86)/atmel/studio/7.0/toolchain/avr8/avr8-gnu-toolchain/bin/../lib/gcc/avr/5.4.0/../../../../avr/lib/avr5\libm.a(divsf3x.o)
                              c:/program files (x86)/atmel/studio/7.0/toolchain/avr8/avr8-gnu-toolchain/bin/../lib/gcc/avr/5.4.0/../../../../avr/lib/avr5\libm.a(divsf3.o) (__divsf3x)
c:/program files (x86)/atmel/studio/7.0/toolchain/avr8/avr8-gnu-toolchain/bin/../lib/gcc/avr/5.4.0/../../../../avr/lib/avr5\libm.a(fixunssfsi.o)
                              D:\hanze\Hanze jaar 2\Project-embedded-systems\afstand_sensor\ArduinoSketch1\ArduinoCore\Debug\libArduinoCore.a(Print.o) (__fixunssfsi)
c:/program files (x86)/atmel/studio/7.0/toolchain/avr8/avr8-gnu-toolchain/bin/../lib/gcc/avr/5.4.0/../../../../avr/lib/avr5\libm.a(unordsf2.o)
                              D:\hanze\Hanze jaar 2\Project-embedded-systems\afstand_sensor\ArduinoSketch1\ArduinoCore\Debug\libArduinoCore.a(Print.o) (__unordsf2)
c:/program files (x86)/atmel/studio/7.0/toolchain/avr8/avr8-gnu-toolchain/bin/../lib/gcc/avr/5.4.0/avr5\libgcc.a(_udivmodsi4.o)
                              D:\hanze\Hanze jaar 2\Project-embedded-systems\afstand_sensor\ArduinoSketch1\ArduinoCore\Debug\libArduinoCore.a(HardwareSerial.o) (__udivmodsi4)
c:/program files (x86)/atmel/studio/7.0/toolchain/avr8/avr8-gnu-toolchain/bin/../lib/gcc/avr/5.4.0/avr5\libgcc.a(_exit.o)
                              C:/Program Files (x86)/Atmel/Studio/7.0/Packs/atmel/ATmega_DFP/1.3.300/gcc/dev/atmega328p/avr5/crtatmega328p.o (exit)
c:/program files (x86)/atmel/studio/7.0/toolchain/avr8/avr8-gnu-toolchain/bin/../lib/gcc/avr/5.4.0/avr5\libgcc.a(_copy_data.o)
                              Sketch.o (__do_copy_data)
c:/program files (x86)/atmel/studio/7.0/toolchain/avr8/avr8-gnu-toolchain/bin/../lib/gcc/avr/5.4.0/avr5\libgcc.a(_clear_bss.o)
                              Sketch.o (__do_clear_bss)
c:/program files (x86)/atmel/studio/7.0/toolchain/avr8/avr8-gnu-toolchain/bin/../lib/gcc/avr/5.4.0/avr5\libgcc.a(_ctors.o)
                              D:\hanze\Hanze jaar 2\Project-embedded-systems\afstand_sensor\ArduinoSketch1\ArduinoCore\Debug\libArduinoCore.a(HardwareSerial0.o) (__do_global_ctors)
c:/program files (x86)/atmel/studio/7.0/toolchain/avr8/avr8-gnu-toolchain/bin/../lib/gcc/avr/5.4.0/avr5\libgcc.a(_tablejump2.o)
                              c:/program files (x86)/atmel/studio/7.0/toolchain/avr8/avr8-gnu-toolchain/bin/../lib/gcc/avr/5.4.0/avr5\libgcc.a(_ctors.o) (__tablejump2__)
c:/program files (x86)/atmel/studio/7.0/toolchain/avr8/avr8-gnu-toolchain/bin/../lib/gcc/avr/5.4.0/../../../../avr/lib/avr5\libc.a(abort.o)
                              D:\hanze\Hanze jaar 2\Project-embedded-systems\afstand_sensor\ArduinoSketch1\ArduinoCore\Debug\libArduinoCore.a(abi.o) (abort)

Discarded input sections

 .data          0x00000000        0x0 C:/Program Files (x86)/Atmel/Studio/7.0/Packs/atmel/ATmega_DFP/1.3.300/gcc/dev/atmega328p/avr5/crtatmega328p.o
 .bss           0x00000000        0x0 C:/Program Files (x86)/Atmel/Studio/7.0/Packs/atmel/ATmega_DFP/1.3.300/gcc/dev/atmega328p/avr5/crtatmega328p.o
 .text          0x00000000        0x0 Sketch.o
 .data          0x00000000        0x0 Sketch.o
 .bss           0x00000000        0x0 Sketch.o
 .text._Z14ongeveerGelijkdd
                0x00000000       0x68 Sketch.o
 .text          0x00000000        0x0 c:/program files (x86)/atmel/studio/7.0/toolchain/avr8/avr8-gnu-toolchain/bin/../lib/gcc/avr/5.4.0/../../../../avr/lib/avr5\libm.a(addsf3.o)
 .data          0x00000000        0x0 c:/program files (x86)/atmel/studio/7.0/toolchain/avr8/avr8-gnu-toolchain/bin/../lib/gcc/avr/5.4.0/../../../../avr/lib/avr5\libm.a(addsf3.o)
 .bss           0x00000000        0x0 c:/program files (x86)/atmel/studio/7.0/toolchain/avr8/avr8-gnu-toolchain/bin/../lib/gcc/avr/5.4.0/../../../../avr/lib/avr5\libm.a(addsf3.o)
 .text          0x00000000        0x0 c:/program files (x86)/atmel/studio/7.0/toolchain/avr8/avr8-gnu-toolchain/bin/../lib/gcc/avr/5.4.0/../../../../avr/lib/avr5\libm.a(addsf3x.o)
 .data          0x00000000        0x0 c:/program files (x86)/atmel/studio/7.0/toolchain/avr8/avr8-gnu-toolchain/bin/../lib/gcc/avr/5.4.0/../../../../avr/lib/avr5\libm.a(addsf3x.o)
 .bss           0x00000000        0x0 c:/program files (x86)/atmel/studio/7.0/toolchain/avr8/avr8-gnu-toolchain/bin/../lib/gcc/avr/5.4.0/../../../../avr/lib/avr5\libm.a(addsf3x.o)
 .text          0x00000000        0x0 c:/program files (x86)/atmel/studio/7.0/toolchain/avr8/avr8-gnu-toolchain/bin/../lib/gcc/avr/5.4.0/../../../../avr/lib/avr5\libm.a(cmpsf2.o)
 .data          0x00000000        0x0 c:/program files (x86)/atmel/studio/7.0/toolchain/avr8/avr8-gnu-toolchain/bin/../lib/gcc/avr/5.4.0/../../../../avr/lib/avr5\libm.a(cmpsf2.o)
 .bss           0x00000000        0x0 c:/program files (x86)/atmel/studio/7.0/toolchain/avr8/avr8-gnu-toolchain/bin/../lib/gcc/avr/5.4.0/../../../../avr/lib/avr5\libm.a(cmpsf2.o)
 .text          0x00000000        0x0 c:/program files (x86)/atmel/studio/7.0/toolchain/avr8/avr8-gnu-toolchain/bin/../lib/gcc/avr/5.4.0/../../../../avr/lib/avr5\libm.a(floatsisf.o)
 .data          0x00000000        0x0 c:/program files (x86)/atmel/studio/7.0/toolchain/avr8/avr8-gnu-toolchain/bin/../lib/gcc/avr/5.4.0/../../../../avr/lib/avr5\libm.a(floatsisf.o)
 .bss           0x00000000        0x0 c:/program files (x86)/atmel/studio/7.0/toolchain/avr8/avr8-gnu-toolchain/bin/../lib/gcc/avr/5.4.0/../../../../avr/lib/avr5\libm.a(floatsisf.o)
 .text          0x00000000        0x0 c:/program files (x86)/atmel/studio/7.0/toolchain/avr8/avr8-gnu-toolchain/bin/../lib/gcc/avr/5.4.0/../../../../avr/lib/avr5\libm.a(fp_cmp.o)
 .data          0x00000000        0x0 c:/program files (x86)/atmel/studio/7.0/toolchain/avr8/avr8-gnu-toolchain/bin/../lib/gcc/avr/5.4.0/../../../../avr/lib/avr5\libm.a(fp_cmp.o)
 .bss           0x00000000        0x0 c:/program files (x86)/atmel/studio/7.0/toolchain/avr8/avr8-gnu-toolchain/bin/../lib/gcc/avr/5.4.0/../../../../avr/lib/avr5\libm.a(fp_cmp.o)
 .text          0x00000000        0x0 c:/program files (x86)/atmel/studio/7.0/toolchain/avr8/avr8-gnu-toolchain/bin/../lib/gcc/avr/5.4.0/../../../../avr/lib/avr5\libm.a(fp_inf.o)
 .data          0x00000000        0x0 c:/program files (x86)/atmel/studio/7.0/toolchain/avr8/avr8-gnu-toolchain/bin/../lib/gcc/avr/5.4.0/../../../../avr/lib/avr5\libm.a(fp_inf.o)
 .bss           0x00000000        0x0 c:/program files (x86)/atmel/studio/7.0/toolchain/avr8/avr8-gnu-toolchain/bin/../lib/gcc/avr/5.4.0/../../../../avr/lib/avr5\libm.a(fp_inf.o)
 .text          0x00000000        0x0 c:/program files (x86)/atmel/studio/7.0/toolchain/avr8/avr8-gnu-toolchain/bin/../lib/gcc/avr/5.4.0/../../../../avr/lib/avr5\libm.a(fp_nan.o)
 .data          0x00000000        0x0 c:/program files (x86)/atmel/studio/7.0/toolchain/avr8/avr8-gnu-toolchain/bin/../lib/gcc/avr/5.4.0/../../../../avr/lib/avr5\libm.a(fp_nan.o)
 .bss           0x00000000        0x0 c:/program files (x86)/atmel/studio/7.0/toolchain/avr8/avr8-gnu-toolchain/bin/../lib/gcc/avr/5.4.0/../../../../avr/lib/avr5\libm.a(fp_nan.o)
 .text          0x00000000        0x0 c:/program files (x86)/atmel/studio/7.0/toolchain/avr8/avr8-gnu-toolchain/bin/../lib/gcc/avr/5.4.0/../../../../avr/lib/avr5\libm.a(fp_pscA.o)
 .data          0x00000000        0x0 c:/program files (x86)/atmel/studio/7.0/toolchain/avr8/avr8-gnu-toolchain/bin/../lib/gcc/avr/5.4.0/../../../../avr/lib/avr5\libm.a(fp_pscA.o)
 .bss           0x00000000        0x0 c:/program files (x86)/atmel/studio/7.0/toolchain/avr8/avr8-gnu-toolchain/bin/../lib/gcc/avr/5.4.0/../../../../avr/lib/avr5\libm.a(fp_pscA.o)
 .text          0x00000000        0x0 c:/program files (x86)/atmel/studio/7.0/toolchain/avr8/avr8-gnu-toolchain/bin/../lib/gcc/avr/5.4.0/../../../../avr/lib/avr5\libm.a(fp_pscB.o)
 .data          0x00000000        0x0 c:/program files (x86)/atmel/studio/7.0/toolchain/avr8/avr8-gnu-toolchain/bin/../lib/gcc/avr/5.4.0/../../../../avr/lib/avr5\libm.a(fp_pscB.o)
 .bss           0x00000000        0x0 c:/program files (x86)/atmel/studio/7.0/toolchain/avr8/avr8-gnu-toolchain/bin/../lib/gcc/avr/5.4.0/../../../../avr/lib/avr5\libm.a(fp_pscB.o)
 .text          0x00000000        0x0 c:/program files (x86)/atmel/studio/7.0/toolchain/avr8/avr8-gnu-toolchain/bin/../lib/gcc/avr/5.4.0/../../../../avr/lib/avr5\libm.a(fp_round.o)
 .data          0x00000000        0x0 c:/program files (x86)/atmel/studio/7.0/toolchain/avr8/avr8-gnu-toolchain/bin/../lib/gcc/avr/5.4.0/../../../../avr/lib/avr5\libm.a(fp_round.o)
 .bss           0x00000000        0x0 c:/program files (x86)/atmel/studio/7.0/toolchain/avr8/avr8-gnu-toolchain/bin/../lib/gcc/avr/5.4.0/../../../../avr/lib/avr5\libm.a(fp_round.o)
 .text          0x00000000        0x0 c:/program files (x86)/atmel/studio/7.0/toolchain/avr8/avr8-gnu-toolchain/bin/../lib/gcc/avr/5.4.0/../../../../avr/lib/avr5\libm.a(fp_split3.o)
 .data          0x00000000        0x0 c:/program files (x86)/atmel/studio/7.0/toolchain/avr8/avr8-gnu-toolchain/bin/../lib/gcc/avr/5.4.0/../../../../avr/lib/avr5\libm.a(fp_split3.o)
 .bss           0x00000000        0x0 c:/program files (x86)/atmel/studio/7.0/toolchain/avr8/avr8-gnu-toolchain/bin/../lib/gcc/avr/5.4.0/../../../../avr/lib/avr5\libm.a(fp_split3.o)
 .text          0x00000000        0x0 c:/program files (x86)/atmel/studio/7.0/toolchain/avr8/avr8-gnu-toolchain/bin/../lib/gcc/avr/5.4.0/../../../../avr/lib/avr5\libm.a(fp_zero.o)
 .data          0x00000000        0x0 c:/program files (x86)/atmel/studio/7.0/toolchain/avr8/avr8-gnu-toolchain/bin/../lib/gcc/avr/5.4.0/../../../../avr/lib/avr5\libm.a(fp_zero.o)
 .bss           0x00000000        0x0 c:/program files (x86)/atmel/studio/7.0/toolchain/avr8/avr8-gnu-toolchain/bin/../lib/gcc/avr/5.4.0/../../../../avr/lib/avr5\libm.a(fp_zero.o)
 .text          0x00000000        0x0 c:/program files (x86)/atmel/studio/7.0/toolchain/avr8/avr8-gnu-toolchain/bin/../lib/gcc/avr/5.4.0/../../../../avr/lib/avr5\libm.a(gesf2.o)
 .data          0x00000000        0x0 c:/program files (x86)/atmel/studio/7.0/toolchain/avr8/avr8-gnu-toolchain/bin/../lib/gcc/avr/5.4.0/../../../../avr/lib/avr5\libm.a(gesf2.o)
 .bss           0x00000000        0x0 c:/program files (x86)/atmel/studio/7.0/toolchain/avr8/avr8-gnu-toolchain/bin/../lib/gcc/avr/5.4.0/../../../../avr/lib/avr5\libm.a(gesf2.o)
 .text          0x00000000        0x0 c:/program files (x86)/atmel/studio/7.0/toolchain/avr8/avr8-gnu-toolchain/bin/../lib/gcc/avr/5.4.0/../../../../avr/lib/avr5\libm.a(mulsf3.o)
 .data          0x00000000        0x0 c:/program files (x86)/atmel/studio/7.0/toolchain/avr8/avr8-gnu-toolchain/bin/../lib/gcc/avr/5.4.0/../../../../avr/lib/avr5\libm.a(mulsf3.o)
 .bss           0x00000000        0x0 c:/program files (x86)/atmel/studio/7.0/toolchain/avr8/avr8-gnu-toolchain/bin/../lib/gcc/avr/5.4.0/../../../../avr/lib/avr5\libm.a(mulsf3.o)
 .text          0x00000000        0x0 c:/program files (x86)/atmel/studio/7.0/toolchain/avr8/avr8-gnu-toolchain/bin/../lib/gcc/avr/5.4.0/../../../../avr/lib/avr5\libm.a(mulsf3x.o)
 .data          0x00000000        0x0 c:/program files (x86)/atmel/studio/7.0/toolchain/avr8/avr8-gnu-toolchain/bin/../lib/gcc/avr/5.4.0/../../../../avr/lib/avr5\libm.a(mulsf3x.o)
 .bss           0x00000000        0x0 c:/program files (x86)/atmel/studio/7.0/toolchain/avr8/avr8-gnu-toolchain/bin/../lib/gcc/avr/5.4.0/../../../../avr/lib/avr5\libm.a(mulsf3x.o)
 .group         0x00000000        0x8 D:\hanze\Hanze jaar 2\Project-embedded-systems\afstand_sensor\ArduinoSketch1\ArduinoCore\Debug\libArduinoCore.a(HardwareSerial.o)
 .text          0x00000000        0x0 D:\hanze\Hanze jaar 2\Project-embedded-systems\afstand_sensor\ArduinoSketch1\ArduinoCore\Debug\libArduinoCore.a(HardwareSerial.o)
 .data          0x00000000        0x0 D:\hanze\Hanze jaar 2\Project-embedded-systems\afstand_sensor\ArduinoSketch1\ArduinoCore\Debug\libArduinoCore.a(HardwareSerial.o)
 .bss           0x00000000        0x0 D:\hanze\Hanze jaar 2\Project-embedded-systems\afstand_sensor\ArduinoSketch1\ArduinoCore\Debug\libArduinoCore.a(HardwareSerial.o)
 .text._ZN14HardwareSerial3endEv
                0x00000000       0x44 D:\hanze\Hanze jaar 2\Project-embedded-systems\afstand_sensor\ArduinoSketch1\ArduinoCore\Debug\libArduinoCore.a(HardwareSerial.o)
 .group         0x00000000        0x8 D:\hanze\Hanze jaar 2\Project-embedded-systems\afstand_sensor\ArduinoSketch1\ArduinoCore\Debug\libArduinoCore.a(HardwareSerial0.o)
 .group         0x00000000        0x8 D:\hanze\Hanze jaar 2\Project-embedded-systems\afstand_sensor\ArduinoSketch1\ArduinoCore\Debug\libArduinoCore.a(HardwareSerial0.o)
 .text          0x00000000        0x0 D:\hanze\Hanze jaar 2\Project-embedded-systems\afstand_sensor\ArduinoSketch1\ArduinoCore\Debug\libArduinoCore.a(HardwareSerial0.o)
 .data          0x00000000        0x0 D:\hanze\Hanze jaar 2\Project-embedded-systems\afstand_sensor\ArduinoSketch1\ArduinoCore\Debug\libArduinoCore.a(HardwareSerial0.o)
 .bss           0x00000000        0x0 D:\hanze\Hanze jaar 2\Project-embedded-systems\afstand_sensor\ArduinoSketch1\ArduinoCore\Debug\libArduinoCore.a(HardwareSerial0.o)
 .text._ZN5Print17availableForWriteEv
                0x00000000        0x6 D:\hanze\Hanze jaar 2\Project-embedded-systems\afstand_sensor\ArduinoSketch1\ArduinoCore\Debug\libArduinoCore.a(HardwareSerial0.o)
 .text._ZN5Print5flushEv
                0x00000000        0x2 D:\hanze\Hanze jaar 2\Project-embedded-systems\afstand_sensor\ArduinoSketch1\ArduinoCore\Debug\libArduinoCore.a(HardwareSerial0.o)
 .text          0x00000000        0x0 D:\hanze\Hanze jaar 2\Project-embedded-systems\afstand_sensor\ArduinoSketch1\ArduinoCore\Debug\libArduinoCore.a(main.o)
 .data          0x00000000        0x0 D:\hanze\Hanze jaar 2\Project-embedded-systems\afstand_sensor\ArduinoSketch1\ArduinoCore\Debug\libArduinoCore.a(main.o)
 .bss           0x00000000        0x0 D:\hanze\Hanze jaar 2\Project-embedded-systems\afstand_sensor\ArduinoSketch1\ArduinoCore\Debug\libArduinoCore.a(main.o)
 .text.atexit   0x00000000        0x6 D:\hanze\Hanze jaar 2\Project-embedded-systems\afstand_sensor\ArduinoSketch1\ArduinoCore\Debug\libArduinoCore.a(main.o)
 .text._Z8setupUSBv
                0x00000000        0x2 D:\hanze\Hanze jaar 2\Project-embedded-systems\afstand_sensor\ArduinoSketch1\ArduinoCore\Debug\libArduinoCore.a(main.o)
 .group         0x00000000        0x8 D:\hanze\Hanze jaar 2\Project-embedded-systems\afstand_sensor\ArduinoSketch1\ArduinoCore\Debug\libArduinoCore.a(Print.o)
 .group         0x00000000        0x8 D:\hanze\Hanze jaar 2\Project-embedded-systems\afstand_sensor\ArduinoSketch1\ArduinoCore\Debug\libArduinoCore.a(Print.o)
 .group         0x00000000        0x8 D:\hanze\Hanze jaar 2\Project-embedded-systems\afstand_sensor\ArduinoSketch1\ArduinoCore\Debug\libArduinoCore.a(Print.o)
 .group         0x00000000        0x8 D:\hanze\Hanze jaar 2\Project-embedded-systems\afstand_sensor\ArduinoSketch1\ArduinoCore\Debug\libArduinoCore.a(Print.o)
 .text          0x00000000        0x0 D:\hanze\Hanze jaar 2\Project-embedded-systems\afstand_sensor\ArduinoSketch1\ArduinoCore\Debug\libArduinoCore.a(Print.o)
 .data          0x00000000        0x0 D:\hanze\Hanze jaar 2\Project-embedded-systems\afstand_sensor\ArduinoSketch1\ArduinoCore\Debug\libArduinoCore.a(Print.o)
 .bss           0x00000000        0x0 D:\hanze\Hanze jaar 2\Project-embedded-systems\afstand_sensor\ArduinoSketch1\ArduinoCore\Debug\libArduinoCore.a(Print.o)
 .text._ZN5Print17availableForWriteEv
                0x00000000        0x6 D:\hanze\Hanze jaar 2\Project-embedded-systems\afstand_sensor\ArduinoSketch1\ArduinoCore\Debug\libArduinoCore.a(Print.o)
 .text._ZN5Print5flushEv
                0x00000000        0x2 D:\hanze\Hanze jaar 2\Project-embedded-systems\afstand_sensor\ArduinoSketch1\ArduinoCore\Debug\libArduinoCore.a(Print.o)
 .text._ZN5Print5printEPK19__FlashStringHelper
                0x00000000       0x48 D:\hanze\Hanze jaar 2\Project-embedded-systems\afstand_sensor\ArduinoSketch1\ArduinoCore\Debug\libArduinoCore.a(Print.o)
 .text._ZN5Print5printERK6String
                0x00000000       0x1c D:\hanze\Hanze jaar 2\Project-embedded-systems\afstand_sensor\ArduinoSketch1\ArduinoCore\Debug\libArduinoCore.a(Print.o)
 .text._ZN5Print5printERK9Printable
                0x00000000       0x14 D:\hanze\Hanze jaar 2\Project-embedded-systems\afstand_sensor\ArduinoSketch1\ArduinoCore\Debug\libArduinoCore.a(Print.o)
 .text._ZN5Print7printlnEPK19__FlashStringHelper
                0x00000000       0x24 D:\hanze\Hanze jaar 2\Project-embedded-systems\afstand_sensor\ArduinoSketch1\ArduinoCore\Debug\libArduinoCore.a(Print.o)
 .text._ZN5Print7printlnERK6String
                0x00000000       0x24 D:\hanze\Hanze jaar 2\Project-embedded-systems\afstand_sensor\ArduinoSketch1\ArduinoCore\Debug\libArduinoCore.a(Print.o)
 .text._ZN5Print7printlnEPKc
                0x00000000       0x24 D:\hanze\Hanze jaar 2\Project-embedded-systems\afstand_sensor\ArduinoSketch1\ArduinoCore\Debug\libArduinoCore.a(Print.o)
 .text._ZN5Print7printlnEc
                0x00000000       0x24 D:\hanze\Hanze jaar 2\Project-embedded-systems\afstand_sensor\ArduinoSketch1\ArduinoCore\Debug\libArduinoCore.a(Print.o)
 .text._ZN5Print7printlnERK9Printable
                0x00000000       0x24 D:\hanze\Hanze jaar 2\Project-embedded-systems\afstand_sensor\ArduinoSketch1\ArduinoCore\Debug\libArduinoCore.a(Print.o)
 .text._ZN5Print5printEhi
                0x00000000        0xe D:\hanze\Hanze jaar 2\Project-embedded-systems\afstand_sensor\ArduinoSketch1\ArduinoCore\Debug\libArduinoCore.a(Print.o)
 .text._ZN5Print7printlnEhi
                0x00000000       0x24 D:\hanze\Hanze jaar 2\Project-embedded-systems\afstand_sensor\ArduinoSketch1\ArduinoCore\Debug\libArduinoCore.a(Print.o)
 .text._ZN5Print7printlnEji
                0x00000000       0x24 D:\hanze\Hanze jaar 2\Project-embedded-systems\afstand_sensor\ArduinoSketch1\ArduinoCore\Debug\libArduinoCore.a(Print.o)
 .text._ZN5Print7printlnEmi
                0x00000000       0x24 D:\hanze\Hanze jaar 2\Project-embedded-systems\afstand_sensor\ArduinoSketch1\ArduinoCore\Debug\libArduinoCore.a(Print.o)
 .text._ZN5Print5printEli
                0x00000000       0x90 D:\hanze\Hanze jaar 2\Project-embedded-systems\afstand_sensor\ArduinoSketch1\ArduinoCore\Debug\libArduinoCore.a(Print.o)
 .text._ZN5Print5printEii
                0x00000000        0xe D:\hanze\Hanze jaar 2\Project-embedded-systems\afstand_sensor\ArduinoSketch1\ArduinoCore\Debug\libArduinoCore.a(Print.o)
 .text._ZN5Print7printlnEii
                0x00000000       0x24 D:\hanze\Hanze jaar 2\Project-embedded-systems\afstand_sensor\ArduinoSketch1\ArduinoCore\Debug\libArduinoCore.a(Print.o)
 .text._ZN5Print7printlnEli
                0x00000000       0x24 D:\hanze\Hanze jaar 2\Project-embedded-systems\afstand_sensor\ArduinoSketch1\ArduinoCore\Debug\libArduinoCore.a(Print.o)
 .rodata._ZTV5Print
                0x00000000        0xc D:\hanze\Hanze jaar 2\Project-embedded-systems\afstand_sensor\ArduinoSketch1\ArduinoCore\Debug\libArduinoCore.a(Print.o)
 .text          0x00000000        0x0 D:\hanze\Hanze jaar 2\Project-embedded-systems\afstand_sensor\ArduinoSketch1\ArduinoCore\Debug\libArduinoCore.a(wiring.o)
 .data          0x00000000        0x0 D:\hanze\Hanze jaar 2\Project-embedded-systems\afstand_sensor\ArduinoSketch1\ArduinoCore\Debug\libArduinoCore.a(wiring.o)
 .bss           0x00000000        0x0 D:\hanze\Hanze jaar 2\Project-embedded-systems\afstand_sensor\ArduinoSketch1\ArduinoCore\Debug\libArduinoCore.a(wiring.o)
 .text.millis   0x00000000       0x18 D:\hanze\Hanze jaar 2\Project-embedded-systems\afstand_sensor\ArduinoSketch1\ArduinoCore\Debug\libArduinoCore.a(wiring.o)
 .text          0x00000000        0x0 D:\hanze\Hanze jaar 2\Project-embedded-systems\afstand_sensor\ArduinoSketch1\ArduinoCore\Debug\libArduinoCore.a(wiring_digital.o)
 .data          0x00000000        0x0 D:\hanze\Hanze jaar 2\Project-embedded-systems\afstand_sensor\ArduinoSketch1\ArduinoCore\Debug\libArduinoCore.a(wiring_digital.o)
 .bss           0x00000000        0x0 D:\hanze\Hanze jaar 2\Project-embedded-systems\afstand_sensor\ArduinoSketch1\ArduinoCore\Debug\libArduinoCore.a(wiring_digital.o)
 .text.digitalRead
                0x00000000       0x52 D:\hanze\Hanze jaar 2\Project-embedded-systems\afstand_sensor\ArduinoSketch1\ArduinoCore\Debug\libArduinoCore.a(wiring_digital.o)
 .text          0x00000000        0x0 D:\hanze\Hanze jaar 2\Project-embedded-systems\afstand_sensor\ArduinoSketch1\ArduinoCore\Debug\libArduinoCore.a(wiring_pulse.o)
 .data          0x00000000        0x0 D:\hanze\Hanze jaar 2\Project-embedded-systems\afstand_sensor\ArduinoSketch1\ArduinoCore\Debug\libArduinoCore.a(wiring_pulse.o)
 .bss           0x00000000        0x0 D:\hanze\Hanze jaar 2\Project-embedded-systems\afstand_sensor\ArduinoSketch1\ArduinoCore\Debug\libArduinoCore.a(wiring_pulse.o)
 .text.pulseInLong
                0x00000000      0x10a D:\hanze\Hanze jaar 2\Project-embedded-systems\afstand_sensor\ArduinoSketch1\ArduinoCore\Debug\libArduinoCore.a(wiring_pulse.o)
 .text          0x00000000        0x0 D:\hanze\Hanze jaar 2\Project-embedded-systems\afstand_sensor\ArduinoSketch1\ArduinoCore\Debug\libArduinoCore.a(abi.o)
 .data          0x00000000        0x0 D:\hanze\Hanze jaar 2\Project-embedded-systems\afstand_sensor\ArduinoSketch1\ArduinoCore\Debug\libArduinoCore.a(abi.o)
 .bss           0x00000000        0x0 D:\hanze\Hanze jaar 2\Project-embedded-systems\afstand_sensor\ArduinoSketch1\ArduinoCore\Debug\libArduinoCore.a(abi.o)
 .text.__cxa_pure_virtual
                0x00000000        0x4 D:\hanze\Hanze jaar 2\Project-embedded-systems\afstand_sensor\ArduinoSketch1\ArduinoCore\Debug\libArduinoCore.a(abi.o)
 .text.__cxa_deleted_virtual
                0x00000000        0x4 D:\hanze\Hanze jaar 2\Project-embedded-systems\afstand_sensor\ArduinoSketch1\ArduinoCore\Debug\libArduinoCore.a(abi.o)
 .debug_info    0x00000000       0x76 D:\hanze\Hanze jaar 2\Project-embedded-systems\afstand_sensor\ArduinoSketch1\ArduinoCore\Debug\libArduinoCore.a(abi.o)
 .debug_abbrev  0x00000000       0x6d D:\hanze\Hanze jaar 2\Project-embedded-systems\afstand_sensor\ArduinoSketch1\ArduinoCore\Debug\libArduinoCore.a(abi.o)
 .debug_aranges
                0x00000000       0x20 D:\hanze\Hanze jaar 2\Project-embedded-systems\afstand_sensor\ArduinoSketch1\ArduinoCore\Debug\libArduinoCore.a(abi.o)
 .debug_ranges  0x00000000       0x10 D:\hanze\Hanze jaar 2\Project-embedded-systems\afstand_sensor\ArduinoSketch1\ArduinoCore\Debug\libArduinoCore.a(abi.o)
 .debug_line    0x00000000       0xa9 D:\hanze\Hanze jaar 2\Project-embedded-systems\afstand_sensor\ArduinoSketch1\ArduinoCore\Debug\libArduinoCore.a(abi.o)
 .debug_str     0x00000000      0x1a3 D:\hanze\Hanze jaar 2\Project-embedded-systems\afstand_sensor\ArduinoSketch1\ArduinoCore\Debug\libArduinoCore.a(abi.o)
 .comment       0x00000000       0x31 D:\hanze\Hanze jaar 2\Project-embedded-systems\afstand_sensor\ArduinoSketch1\ArduinoCore\Debug\libArduinoCore.a(abi.o)
 .debug_frame   0x00000000       0x34 D:\hanze\Hanze jaar 2\Project-embedded-systems\afstand_sensor\ArduinoSketch1\ArduinoCore\Debug\libArduinoCore.a(abi.o)
 .text          0x00000000        0x0 D:\hanze\Hanze jaar 2\Project-embedded-systems\afstand_sensor\ArduinoSketch1\ArduinoCore\Debug\libArduinoCore.a(hooks.o)
 .data          0x00000000        0x0 D:\hanze\Hanze jaar 2\Project-embedded-systems\afstand_sensor\ArduinoSketch1\ArduinoCore\Debug\libArduinoCore.a(hooks.o)
 .bss           0x00000000        0x0 D:\hanze\Hanze jaar 2\Project-embedded-systems\afstand_sensor\ArduinoSketch1\ArduinoCore\Debug\libArduinoCore.a(hooks.o)
 .data          0x00000000        0x0 D:\hanze\Hanze jaar 2\Project-embedded-systems\afstand_sensor\ArduinoSketch1\ArduinoCore\Debug\libArduinoCore.a(wiring_pulse.o)
 .bss           0x00000000        0x0 D:\hanze\Hanze jaar 2\Project-embedded-systems\afstand_sensor\ArduinoSketch1\ArduinoCore\Debug\libArduinoCore.a(wiring_pulse.o)
 .text          0x00000000        0x0 c:/program files (x86)/atmel/studio/7.0/toolchain/avr8/avr8-gnu-toolchain/bin/../lib/gcc/avr/5.4.0/../../../../avr/lib/avr5\libm.a(divsf3.o)
 .data          0x00000000        0x0 c:/program files (x86)/atmel/studio/7.0/toolchain/avr8/avr8-gnu-toolchain/bin/../lib/gcc/avr/5.4.0/../../../../avr/lib/avr5\libm.a(divsf3.o)
 .bss           0x00000000        0x0 c:/program files (x86)/atmel/studio/7.0/toolchain/avr8/avr8-gnu-toolchain/bin/../lib/gcc/avr/5.4.0/../../../../avr/lib/avr5\libm.a(divsf3.o)
 .text          0x00000000        0x0 c:/program files (x86)/atmel/studio/7.0/toolchain/avr8/avr8-gnu-toolchain/bin/../lib/gcc/avr/5.4.0/../../../../avr/lib/avr5\libm.a(divsf3x.o)
 .data          0x00000000        0x0 c:/program files (x86)/atmel/studio/7.0/toolchain/avr8/avr8-gnu-toolchain/bin/../lib/gcc/avr/5.4.0/../../../../avr/lib/avr5\libm.a(divsf3x.o)
 .bss           0x00000000        0x0 c:/program files (x86)/atmel/studio/7.0/toolchain/avr8/avr8-gnu-toolchain/bin/../lib/gcc/avr/5.4.0/../../../../avr/lib/avr5\libm.a(divsf3x.o)
 .text          0x00000000        0x0 c:/program files (x86)/atmel/studio/7.0/toolchain/avr8/avr8-gnu-toolchain/bin/../lib/gcc/avr/5.4.0/../../../../avr/lib/avr5\libm.a(fixunssfsi.o)
 .data          0x00000000        0x0 c:/program files (x86)/atmel/studio/7.0/toolchain/avr8/avr8-gnu-toolchain/bin/../lib/gcc/avr/5.4.0/../../../../avr/lib/avr5\libm.a(fixunssfsi.o)
 .bss           0x00000000        0x0 c:/program files (x86)/atmel/studio/7.0/toolchain/avr8/avr8-gnu-toolchain/bin/../lib/gcc/avr/5.4.0/../../../../avr/lib/avr5\libm.a(fixunssfsi.o)
 .text          0x00000000        0x0 c:/program files (x86)/atmel/studio/7.0/toolchain/avr8/avr8-gnu-toolchain/bin/../lib/gcc/avr/5.4.0/../../../../avr/lib/avr5\libm.a(unordsf2.o)
 .data          0x00000000        0x0 c:/program files (x86)/atmel/studio/7.0/toolchain/avr8/avr8-gnu-toolchain/bin/../lib/gcc/avr/5.4.0/../../../../avr/lib/avr5\libm.a(unordsf2.o)
 .bss           0x00000000        0x0 c:/program files (x86)/atmel/studio/7.0/toolchain/avr8/avr8-gnu-toolchain/bin/../lib/gcc/avr/5.4.0/../../../../avr/lib/avr5\libm.a(unordsf2.o)
 .text          0x00000000        0x0 c:/program files (x86)/atmel/studio/7.0/toolchain/avr8/avr8-gnu-toolchain/bin/../lib/gcc/avr/5.4.0/avr5\libgcc.a(_udivmodsi4.o)
 .data          0x00000000        0x0 c:/program files (x86)/atmel/studio/7.0/toolchain/avr8/avr8-gnu-toolchain/bin/../lib/gcc/avr/5.4.0/avr5\libgcc.a(_udivmodsi4.o)
 .bss           0x00000000        0x0 c:/program files (x86)/atmel/studio/7.0/toolchain/avr8/avr8-gnu-toolchain/bin/../lib/gcc/avr/5.4.0/avr5\libgcc.a(_udivmodsi4.o)
 .text.libgcc.mul
                0x00000000        0x0 c:/program files (x86)/atmel/studio/7.0/toolchain/avr8/avr8-gnu-toolchain/bin/../lib/gcc/avr/5.4.0/avr5\libgcc.a(_udivmodsi4.o)
 .text.libgcc   0x00000000        0x0 c:/program files (x86)/atmel/studio/7.0/toolchain/avr8/avr8-gnu-toolchain/bin/../lib/gcc/avr/5.4.0/avr5\libgcc.a(_udivmodsi4.o)
 .text.libgcc.prologue
                0x00000000        0x0 c:/program files (x86)/atmel/studio/7.0/toolchain/avr8/avr8-gnu-toolchain/bin/../lib/gcc/avr/5.4.0/avr5\libgcc.a(_udivmodsi4.o)
 .text.libgcc.builtins
                0x00000000        0x0 c:/program files (x86)/atmel/studio/7.0/toolchain/avr8/avr8-gnu-toolchain/bin/../lib/gcc/avr/5.4.0/avr5\libgcc.a(_udivmodsi4.o)
 .text.libgcc.fmul
                0x00000000        0x0 c:/program files (x86)/atmel/studio/7.0/toolchain/avr8/avr8-gnu-toolchain/bin/../lib/gcc/avr/5.4.0/avr5\libgcc.a(_udivmodsi4.o)
 .text.libgcc.fixed
                0x00000000        0x0 c:/program files (x86)/atmel/studio/7.0/toolchain/avr8/avr8-gnu-toolchain/bin/../lib/gcc/avr/5.4.0/avr5\libgcc.a(_udivmodsi4.o)
 .text          0x00000000        0x0 c:/program files (x86)/atmel/studio/7.0/toolchain/avr8/avr8-gnu-toolchain/bin/../lib/gcc/avr/5.4.0/avr5\libgcc.a(_exit.o)
 .data          0x00000000        0x0 c:/program files (x86)/atmel/studio/7.0/toolchain/avr8/avr8-gnu-toolchain/bin/../lib/gcc/avr/5.4.0/avr5\libgcc.a(_exit.o)
 .bss           0x00000000        0x0 c:/program files (x86)/atmel/studio/7.0/toolchain/avr8/avr8-gnu-toolchain/bin/../lib/gcc/avr/5.4.0/avr5\libgcc.a(_exit.o)
 .text.libgcc.mul
                0x00000000        0x0 c:/program files (x86)/atmel/studio/7.0/toolchain/avr8/avr8-gnu-toolchain/bin/../lib/gcc/avr/5.4.0/avr5\libgcc.a(_exit.o)
 .text.libgcc.div
                0x00000000        0x0 c:/program files (x86)/atmel/studio/7.0/toolchain/avr8/avr8-gnu-toolchain/bin/../lib/gcc/avr/5.4.0/avr5\libgcc.a(_exit.o)
 .text.libgcc   0x00000000        0x0 c:/program files (x86)/atmel/studio/7.0/toolchain/avr8/avr8-gnu-toolchain/bin/../lib/gcc/avr/5.4.0/avr5\libgcc.a(_exit.o)
 .text.libgcc.prologue
                0x00000000        0x0 c:/program files (x86)/atmel/studio/7.0/toolchain/avr8/avr8-gnu-toolchain/bin/../lib/gcc/avr/5.4.0/avr5\libgcc.a(_exit.o)
 .text.libgcc.builtins
                0x00000000        0x0 c:/program files (x86)/atmel/studio/7.0/toolchain/avr8/avr8-gnu-toolchain/bin/../lib/gcc/avr/5.4.0/avr5\libgcc.a(_exit.o)
 .text.libgcc.fmul
                0x00000000        0x0 c:/program files (x86)/atmel/studio/7.0/toolchain/avr8/avr8-gnu-toolchain/bin/../lib/gcc/avr/5.4.0/avr5\libgcc.a(_exit.o)
 .text.libgcc.fixed
                0x00000000        0x0 c:/program files (x86)/atmel/studio/7.0/toolchain/avr8/avr8-gnu-toolchain/bin/../lib/gcc/avr/5.4.0/avr5\libgcc.a(_exit.o)
 .text          0x00000000        0x0 c:/program files (x86)/atmel/studio/7.0/toolchain/avr8/avr8-gnu-toolchain/bin/../lib/gcc/avr/5.4.0/avr5\libgcc.a(_copy_data.o)
 .data          0x00000000        0x0 c:/program files (x86)/atmel/studio/7.0/toolchain/avr8/avr8-gnu-toolchain/bin/../lib/gcc/avr/5.4.0/avr5\libgcc.a(_copy_data.o)
 .bss           0x00000000        0x0 c:/program files (x86)/atmel/studio/7.0/toolchain/avr8/avr8-gnu-toolchain/bin/../lib/gcc/avr/5.4.0/avr5\libgcc.a(_copy_data.o)
 .text.libgcc.mul
                0x00000000        0x0 c:/program files (x86)/atmel/studio/7.0/toolchain/avr8/avr8-gnu-toolchain/bin/../lib/gcc/avr/5.4.0/avr5\libgcc.a(_copy_data.o)
 .text.libgcc.div
                0x00000000        0x0 c:/program files (x86)/atmel/studio/7.0/toolchain/avr8/avr8-gnu-toolchain/bin/../lib/gcc/avr/5.4.0/avr5\libgcc.a(_copy_data.o)
 .text.libgcc   0x00000000        0x0 c:/program files (x86)/atmel/studio/7.0/toolchain/avr8/avr8-gnu-toolchain/bin/../lib/gcc/avr/5.4.0/avr5\libgcc.a(_copy_data.o)
 .text.libgcc.prologue
                0x00000000        0x0 c:/program files (x86)/atmel/studio/7.0/toolchain/avr8/avr8-gnu-toolchain/bin/../lib/gcc/avr/5.4.0/avr5\libgcc.a(_copy_data.o)
 .text.libgcc.builtins
                0x00000000        0x0 c:/program files (x86)/atmel/studio/7.0/toolchain/avr8/avr8-gnu-toolchain/bin/../lib/gcc/avr/5.4.0/avr5\libgcc.a(_copy_data.o)
 .text.libgcc.fmul
                0x00000000        0x0 c:/program files (x86)/atmel/studio/7.0/toolchain/avr8/avr8-gnu-toolchain/bin/../lib/gcc/avr/5.4.0/avr5\libgcc.a(_copy_data.o)
 .text.libgcc.fixed
                0x00000000        0x0 c:/program files (x86)/atmel/studio/7.0/toolchain/avr8/avr8-gnu-toolchain/bin/../lib/gcc/avr/5.4.0/avr5\libgcc.a(_copy_data.o)
 .text          0x00000000        0x0 c:/program files (x86)/atmel/studio/7.0/toolchain/avr8/avr8-gnu-toolchain/bin/../lib/gcc/avr/5.4.0/avr5\libgcc.a(_clear_bss.o)
 .data          0x00000000        0x0 c:/program files (x86)/atmel/studio/7.0/toolchain/avr8/avr8-gnu-toolchain/bin/../lib/gcc/avr/5.4.0/avr5\libgcc.a(_clear_bss.o)
 .bss           0x00000000        0x0 c:/program files (x86)/atmel/studio/7.0/toolchain/avr8/avr8-gnu-toolchain/bin/../lib/gcc/avr/5.4.0/avr5\libgcc.a(_clear_bss.o)
 .text.libgcc.mul
                0x00000000        0x0 c:/program files (x86)/atmel/studio/7.0/toolchain/avr8/avr8-gnu-toolchain/bin/../lib/gcc/avr/5.4.0/avr5\libgcc.a(_clear_bss.o)
 .text.libgcc.div
                0x00000000        0x0 c:/program files (x86)/atmel/studio/7.0/toolchain/avr8/avr8-gnu-toolchain/bin/../lib/gcc/avr/5.4.0/avr5\libgcc.a(_clear_bss.o)
 .text.libgcc   0x00000000        0x0 c:/program files (x86)/atmel/studio/7.0/toolchain/avr8/avr8-gnu-toolchain/bin/../lib/gcc/avr/5.4.0/avr5\libgcc.a(_clear_bss.o)
 .text.libgcc.prologue
                0x00000000        0x0 c:/program files (x86)/atmel/studio/7.0/toolchain/avr8/avr8-gnu-toolchain/bin/../lib/gcc/avr/5.4.0/avr5\libgcc.a(_clear_bss.o)
 .text.libgcc.builtins
                0x00000000        0x0 c:/program files (x86)/atmel/studio/7.0/toolchain/avr8/avr8-gnu-toolchain/bin/../lib/gcc/avr/5.4.0/avr5\libgcc.a(_clear_bss.o)
 .text.libgcc.fmul
                0x00000000        0x0 c:/program files (x86)/atmel/studio/7.0/toolchain/avr8/avr8-gnu-toolchain/bin/../lib/gcc/avr/5.4.0/avr5\libgcc.a(_clear_bss.o)
 .text.libgcc.fixed
                0x00000000        0x0 c:/program files (x86)/atmel/studio/7.0/toolchain/avr8/avr8-gnu-toolchain/bin/../lib/gcc/avr/5.4.0/avr5\libgcc.a(_clear_bss.o)
 .text          0x00000000        0x0 c:/program files (x86)/atmel/studio/7.0/toolchain/avr8/avr8-gnu-toolchain/bin/../lib/gcc/avr/5.4.0/avr5\libgcc.a(_ctors.o)
 .data          0x00000000        0x0 c:/program files (x86)/atmel/studio/7.0/toolchain/avr8/avr8-gnu-toolchain/bin/../lib/gcc/avr/5.4.0/avr5\libgcc.a(_ctors.o)
 .bss           0x00000000        0x0 c:/program files (x86)/atmel/studio/7.0/toolchain/avr8/avr8-gnu-toolchain/bin/../lib/gcc/avr/5.4.0/avr5\libgcc.a(_ctors.o)
 .text.libgcc.mul
                0x00000000        0x0 c:/program files (x86)/atmel/studio/7.0/toolchain/avr8/avr8-gnu-toolchain/bin/../lib/gcc/avr/5.4.0/avr5\libgcc.a(_ctors.o)
 .text.libgcc.div
                0x00000000        0x0 c:/program files (x86)/atmel/studio/7.0/toolchain/avr8/avr8-gnu-toolchain/bin/../lib/gcc/avr/5.4.0/avr5\libgcc.a(_ctors.o)
 .text.libgcc   0x00000000        0x0 c:/program files (x86)/atmel/studio/7.0/toolchain/avr8/avr8-gnu-toolchain/bin/../lib/gcc/avr/5.4.0/avr5\libgcc.a(_ctors.o)
 .text.libgcc.prologue
                0x00000000        0x0 c:/program files (x86)/atmel/studio/7.0/toolchain/avr8/avr8-gnu-toolchain/bin/../lib/gcc/avr/5.4.0/avr5\libgcc.a(_ctors.o)
 .text.libgcc.builtins
                0x00000000        0x0 c:/program files (x86)/atmel/studio/7.0/toolchain/avr8/avr8-gnu-toolchain/bin/../lib/gcc/avr/5.4.0/avr5\libgcc.a(_ctors.o)
 .text.libgcc.fmul
                0x00000000        0x0 c:/program files (x86)/atmel/studio/7.0/toolchain/avr8/avr8-gnu-toolchain/bin/../lib/gcc/avr/5.4.0/avr5\libgcc.a(_ctors.o)
 .text.libgcc.fixed
                0x00000000        0x0 c:/program files (x86)/atmel/studio/7.0/toolchain/avr8/avr8-gnu-toolchain/bin/../lib/gcc/avr/5.4.0/avr5\libgcc.a(_ctors.o)
 .text          0x00000000        0x0 c:/program files (x86)/atmel/studio/7.0/toolchain/avr8/avr8-gnu-toolchain/bin/../lib/gcc/avr/5.4.0/avr5\libgcc.a(_tablejump2.o)
 .data          0x00000000        0x0 c:/program files (x86)/atmel/studio/7.0/toolchain/avr8/avr8-gnu-toolchain/bin/../lib/gcc/avr/5.4.0/avr5\libgcc.a(_tablejump2.o)
 .bss           0x00000000        0x0 c:/program files (x86)/atmel/studio/7.0/toolchain/avr8/avr8-gnu-toolchain/bin/../lib/gcc/avr/5.4.0/avr5\libgcc.a(_tablejump2.o)
 .text.libgcc.mul
                0x00000000        0x0 c:/program files (x86)/atmel/studio/7.0/toolchain/avr8/avr8-gnu-toolchain/bin/../lib/gcc/avr/5.4.0/avr5\libgcc.a(_tablejump2.o)
 .text.libgcc.div
                0x00000000        0x0 c:/program files (x86)/atmel/studio/7.0/toolchain/avr8/avr8-gnu-toolchain/bin/../lib/gcc/avr/5.4.0/avr5\libgcc.a(_tablejump2.o)
 .text.libgcc.prologue
                0x00000000        0x0 c:/program files (x86)/atmel/studio/7.0/toolchain/avr8/avr8-gnu-toolchain/bin/../lib/gcc/avr/5.4.0/avr5\libgcc.a(_tablejump2.o)
 .text.libgcc.builtins
                0x00000000        0x0 c:/program files (x86)/atmel/studio/7.0/toolchain/avr8/avr8-gnu-toolchain/bin/../lib/gcc/avr/5.4.0/avr5\libgcc.a(_tablejump2.o)
 .text.libgcc.fmul
                0x00000000        0x0 c:/program files (x86)/atmel/studio/7.0/toolchain/avr8/avr8-gnu-toolchain/bin/../lib/gcc/avr/5.4.0/avr5\libgcc.a(_tablejump2.o)
 .text.libgcc.fixed
                0x00000000        0x0 c:/program files (x86)/atmel/studio/7.0/toolchain/avr8/avr8-gnu-toolchain/bin/../lib/gcc/avr/5.4.0/avr5\libgcc.a(_tablejump2.o)
 .text          0x00000000        0x0 c:/program files (x86)/atmel/studio/7.0/toolchain/avr8/avr8-gnu-toolchain/bin/../lib/gcc/avr/5.4.0/../../../../avr/lib/avr5\libc.a(abort.o)
 .data          0x00000000        0x0 c:/program files (x86)/atmel/studio/7.0/toolchain/avr8/avr8-gnu-toolchain/bin/../lib/gcc/avr/5.4.0/../../../../avr/lib/avr5\libc.a(abort.o)
 .bss           0x00000000        0x0 c:/program files (x86)/atmel/studio/7.0/toolchain/avr8/avr8-gnu-toolchain/bin/../lib/gcc/avr/5.4.0/../../../../avr/lib/avr5\libc.a(abort.o)
 .text.avr-libc
                0x00000000        0xa c:/program files (x86)/atmel/studio/7.0/toolchain/avr8/avr8-gnu-toolchain/bin/../lib/gcc/avr/5.4.0/../../../../avr/lib/avr5\libc.a(abort.o)

Memory Configuration

Name             Origin             Length             Attributes
text             0x00000000         0x00020000         xr
data             0x00800060         0x0000ffa0         rw !x
eeprom           0x00810000         0x00010000         rw !x
fuse             0x00820000         0x00000003         rw !x
lock             0x00830000         0x00000400         rw !x
signature        0x00840000         0x00000400         rw !x
user_signatures  0x00850000         0x00000400         rw !x
*default*        0x00000000         0xffffffff

Linker script and memory map

Address of section .data set to 0x800100
LOAD C:/Program Files (x86)/Atmel/Studio/7.0/Packs/atmel/ATmega_DFP/1.3.300/gcc/dev/atmega328p/avr5/crtatmega328p.o
LOAD Sketch.o
START GROUP
LOAD c:/program files (x86)/atmel/studio/7.0/toolchain/avr8/avr8-gnu-toolchain/bin/../lib/gcc/avr/5.4.0/../../../../avr/lib/avr5\libm.a
LOAD D:\hanze\Hanze jaar 2\Project-embedded-systems\afstand_sensor\ArduinoSketch1\ArduinoCore\Debug\libArduinoCore.a
END GROUP
LOAD c:/program files (x86)/atmel/studio/7.0/toolchain/avr8/avr8-gnu-toolchain/bin/../lib/gcc/avr/5.4.0/avr5\libgcc.a
LOAD c:/program files (x86)/atmel/studio/7.0/toolchain/avr8/avr8-gnu-toolchain/bin/../lib/gcc/avr/5.4.0/../../../../avr/lib/avr5\libm.a
START GROUP
LOAD c:/program files (x86)/atmel/studio/7.0/toolchain/avr8/avr8-gnu-toolchain/bin/../lib/gcc/avr/5.4.0/avr5\libgcc.a
LOAD c:/program files (x86)/atmel/studio/7.0/toolchain/avr8/avr8-gnu-toolchain/bin/../lib/gcc/avr/5.4.0/../../../../avr/lib/avr5\libm.a
LOAD c:/program files (x86)/atmel/studio/7.0/toolchain/avr8/avr8-gnu-toolchain/bin/../lib/gcc/avr/5.4.0/../../../../avr/lib/avr5\libc.a
LOAD C:/Program Files (x86)/Atmel/Studio/7.0/Packs/atmel/ATmega_DFP/1.3.300/gcc/dev/atmega328p/avr5\libatmega328p.a
END GROUP
                0x00020000                __TEXT_REGION_LENGTH__ = DEFINED (__TEXT_REGION_LENGTH__)?__TEXT_REGION_LENGTH__:0x20000
                0x0000ffa0                __DATA_REGION_LENGTH__ = DEFINED (__DATA_REGION_LENGTH__)?__DATA_REGION_LENGTH__:0xffa0
                0x00010000                __EEPROM_REGION_LENGTH__ = DEFINED (__EEPROM_REGION_LENGTH__)?__EEPROM_REGION_LENGTH__:0x10000
                [0x00000003]                __FUSE_REGION_LENGTH__ = DEFINED (__FUSE_REGION_LENGTH__)?__FUSE_REGION_LENGTH__:0x400
                0x00000400                __LOCK_REGION_LENGTH__ = DEFINED (__LOCK_REGION_LENGTH__)?__LOCK_REGION_LENGTH__:0x400
                0x00000400                __SIGNATURE_REGION_LENGTH__ = DEFINED (__SIGNATURE_REGION_LENGTH__)?__SIGNATURE_REGION_LENGTH__:0x400
                0x00000400                __USER_SIGNATURE_REGION_LENGTH__ = DEFINED (__USER_SIGNATURE_REGION_LENGTH__)?__USER_SIGNATURE_REGION_LENGTH__:0x400

.hash
 *(.hash)

.dynsym
 *(.dynsym)

.dynstr
 *(.dynstr)

.gnu.version
 *(.gnu.version)

.gnu.version_d
 *(.gnu.version_d)

.gnu.version_r
 *(.gnu.version_r)

.rel.init
 *(.rel.init)

.rela.init
 *(.rela.init)

.rel.text
 *(.rel.text)
 *(.rel.text.*)
 *(.rel.gnu.linkonce.t*)

.rela.text
 *(.rela.text)
 *(.rela.text.*)
 *(.rela.gnu.linkonce.t*)

.rel.fini
 *(.rel.fini)

.rela.fini
 *(.rela.fini)

.rel.rodata
 *(.rel.rodata)
 *(.rel.rodata.*)
 *(.rel.gnu.linkonce.r*)

.rela.rodata
 *(.rela.rodata)
 *(.rela.rodata.*)
 *(.rela.gnu.linkonce.r*)

.rel.data
 *(.rel.data)
 *(.rel.data.*)
 *(.rel.gnu.linkonce.d*)

.rela.data
 *(.rela.data)
 *(.rela.data.*)
 *(.rela.gnu.linkonce.d*)

.rel.ctors
 *(.rel.ctors)

.rela.ctors
 *(.rela.ctors)

.rel.dtors
 *(.rel.dtors)

.rela.dtors
 *(.rela.dtors)

.rel.got
 *(.rel.got)

.rela.got
 *(.rela.got)

.rel.bss
 *(.rel.bss)

.rela.bss
 *(.rela.bss)

.rel.plt
 *(.rel.plt)

.rela.plt
 *(.rela.plt)

.text           0x00000000     0x13a2
 *(.vectors)
 .vectors       0x00000000       0x68 C:/Program Files (x86)/Atmel/Studio/7.0/Packs/atmel/ATmega_DFP/1.3.300/gcc/dev/atmega328p/avr5/crtatmega328p.o
                0x00000000                __vector_default
                0x00000000                __vectors
 *(.vectors)
 *(.progmem.gcc*)
                0x00000068                . = ALIGN (0x2)
                0x00000068                __trampolines_start = .
 *(.trampolines)
 .trampolines   0x00000068        0x0 linker stubs
 *(.trampolines*)
                0x00000068                __trampolines_end = .
 *libprintf_flt.a:*(.progmem.data)
 *libc.a:*(.progmem.data)
 *(.progmem*)
 .progmem.data.digital_pin_to_timer_PGM
                0x00000068       0x14 D:\hanze\Hanze jaar 2\Project-embedded-systems\afstand_sensor\ArduinoSketch1\ArduinoCore\Debug\libArduinoCore.a(wiring_digital.o)
                0x00000068                digital_pin_to_timer_PGM
 .progmem.data.digital_pin_to_bit_mask_PGM
                0x0000007c       0x14 D:\hanze\Hanze jaar 2\Project-embedded-systems\afstand_sensor\ArduinoSketch1\ArduinoCore\Debug\libArduinoCore.a(wiring_digital.o)
                0x0000007c                digital_pin_to_bit_mask_PGM
 .progmem.data.digital_pin_to_port_PGM
                0x00000090       0x14 D:\hanze\Hanze jaar 2\Project-embedded-systems\afstand_sensor\ArduinoSketch1\ArduinoCore\Debug\libArduinoCore.a(wiring_digital.o)
                0x00000090                digital_pin_to_port_PGM
 .progmem.data.port_to_input_PGM
                0x000000a4        0xa D:\hanze\Hanze jaar 2\Project-embedded-systems\afstand_sensor\ArduinoSketch1\ArduinoCore\Debug\libArduinoCore.a(wiring_digital.o)
                0x000000a4                port_to_input_PGM
 .progmem.data.port_to_output_PGM
                0x000000ae        0xa D:\hanze\Hanze jaar 2\Project-embedded-systems\afstand_sensor\ArduinoSketch1\ArduinoCore\Debug\libArduinoCore.a(wiring_digital.o)
                0x000000ae                port_to_output_PGM
 .progmem.data.port_to_mode_PGM
                0x000000b8        0xa D:\hanze\Hanze jaar 2\Project-embedded-systems\afstand_sensor\ArduinoSketch1\ArduinoCore\Debug\libArduinoCore.a(wiring_digital.o)
                0x000000b8                port_to_mode_PGM
                0x000000c2                . = ALIGN (0x2)
 *(.jumptables)
 *(.jumptables*)
 *(.lowtext)
 *(.lowtext*)
                0x000000c2                __ctors_start = .
 *(.ctors)
 .ctors         0x000000c2        0x2 D:\hanze\Hanze jaar 2\Project-embedded-systems\afstand_sensor\ArduinoSketch1\ArduinoCore\Debug\libArduinoCore.a(HardwareSerial0.o)
                0x000000c4                __ctors_end = .
                0x000000c4                __dtors_start = .
 *(.dtors)
                0x000000c4                __dtors_end = .
 SORT(*)(.ctors)
 SORT(*)(.dtors)
 *(.init0)
 .init0         0x000000c4        0x0 C:/Program Files (x86)/Atmel/Studio/7.0/Packs/atmel/ATmega_DFP/1.3.300/gcc/dev/atmega328p/avr5/crtatmega328p.o
                0x000000c4                __init
 *(.init0)
 *(.init1)
 *(.init1)
 *(.init2)
 .init2         0x000000c4        0xc C:/Program Files (x86)/Atmel/Studio/7.0/Packs/atmel/ATmega_DFP/1.3.300/gcc/dev/atmega328p/avr5/crtatmega328p.o
 *(.init2)
 *(.init3)
 *(.init3)
 *(.init4)
 .init4         0x000000d0       0x16 c:/program files (x86)/atmel/studio/7.0/toolchain/avr8/avr8-gnu-toolchain/bin/../lib/gcc/avr/5.4.0/avr5\libgcc.a(_copy_data.o)
                0x000000d0                __do_copy_data
 .init4         0x000000e6       0x10 c:/program files (x86)/atmel/studio/7.0/toolchain/avr8/avr8-gnu-toolchain/bin/../lib/gcc/avr/5.4.0/avr5\libgcc.a(_clear_bss.o)
                0x000000e6                __do_clear_bss
 *(.init4)
 *(.init5)
 *(.init5)
 *(.init6)
 .init6         0x000000f6       0x16 c:/program files (x86)/atmel/studio/7.0/toolchain/avr8/avr8-gnu-toolchain/bin/../lib/gcc/avr/5.4.0/avr5\libgcc.a(_ctors.o)
                0x000000f6                __do_global_ctors
 *(.init6)
 *(.init7)
 *(.init7)
 *(.init8)
 *(.init8)
 *(.init9)
 .init9         0x0000010c        0x8 C:/Program Files (x86)/Atmel/Studio/7.0/Packs/atmel/ATmega_DFP/1.3.300/gcc/dev/atmega328p/avr5/crtatmega328p.o
 *(.init9)
 *(.text)
 .text          0x00000114        0x4 C:/Program Files (x86)/Atmel/Studio/7.0/Packs/atmel/ATmega_DFP/1.3.300/gcc/dev/atmega328p/avr5/crtatmega328p.o
                0x00000114                __vector_22
                0x00000114                __vector_1
                0x00000114                __vector_24
                0x00000114                __vector_12
                0x00000114                __bad_interrupt
                0x00000114                __vector_6
                0x00000114                __vector_3
                0x00000114                __vector_23
                0x00000114                __vector_25
                0x00000114                __vector_11
                0x00000114                __vector_13
                0x00000114                __vector_17
                0x00000114                __vector_7
                0x00000114                __vector_5
                0x00000114                __vector_4
                0x00000114                __vector_9
                0x00000114                __vector_2
                0x00000114                __vector_21
                0x00000114                __vector_15
                0x00000114                __vector_8
                0x00000114                __vector_14
                0x00000114                __vector_10
                0x00000114                __vector_20
 .text          0x00000118       0x8a D:\hanze\Hanze jaar 2\Project-embedded-systems\afstand_sensor\ArduinoSketch1\ArduinoCore\Debug\libArduinoCore.a(wiring_pulse.o)
                0x00000118                countPulseASM
                0x000001a2                . = ALIGN (0x2)
 *(.text.*)
 .text.setup    0x000001a2       0x44 Sketch.o
                0x000001a2                setup
 .text._Z11meetAfstandv
                0x000001e6       0xc4 Sketch.o
                0x000001e6                _Z11meetAfstandv
 .text.loop     0x000002aa      0x1ce Sketch.o
                0x000002aa                loop
 .text.avr-libc.fplib
                0x00000478        0xe c:/program files (x86)/atmel/studio/7.0/toolchain/avr8/avr8-gnu-toolchain/bin/../lib/gcc/avr/5.4.0/../../../../avr/lib/avr5\libm.a(addsf3.o)
                0x00000478                __subsf3
                0x0000047a                __addsf3
 .text.avr-libc.fplib
                0x00000486       0xcc c:/program files (x86)/atmel/studio/7.0/toolchain/avr8/avr8-gnu-toolchain/bin/../lib/gcc/avr/5.4.0/../../../../avr/lib/avr5\libm.a(addsf3x.o)
                0x000004a8                __addsf3x
 .text.avr-libc.fplib
                0x00000552        0xa c:/program files (x86)/atmel/studio/7.0/toolchain/avr8/avr8-gnu-toolchain/bin/../lib/gcc/avr/5.4.0/../../../../avr/lib/avr5\libm.a(cmpsf2.o)
                0x00000552                __nesf2
                0x00000552                __eqsf2
                0x00000552                __cmpsf2
                0x00000552                __ltsf2
                0x00000552                __lesf2
 .text.avr-libc.fplib
                0x0000055c       0x7a c:/program files (x86)/atmel/studio/7.0/toolchain/avr8/avr8-gnu-toolchain/bin/../lib/gcc/avr/5.4.0/../../../../avr/lib/avr5\libm.a(floatsisf.o)
                0x0000055c                __floatunsisf
                0x00000560                __floatsisf
 .text.avr-libc.fplib
                0x000005d6       0x48 c:/program files (x86)/atmel/studio/7.0/toolchain/avr8/avr8-gnu-toolchain/bin/../lib/gcc/avr/5.4.0/../../../../avr/lib/avr5\libm.a(fp_cmp.o)
                0x000005d6                __fp_cmp
 .text.avr-libc.fplib
                0x0000061e        0xc c:/program files (x86)/atmel/studio/7.0/toolchain/avr8/avr8-gnu-toolchain/bin/../lib/gcc/avr/5.4.0/../../../../avr/lib/avr5\libm.a(fp_inf.o)
                0x0000061e                __fp_inf
 .text.avr-libc.fplib
                0x0000062a        0x6 c:/program files (x86)/atmel/studio/7.0/toolchain/avr8/avr8-gnu-toolchain/bin/../lib/gcc/avr/5.4.0/../../../../avr/lib/avr5\libm.a(fp_nan.o)
                0x0000062a                __fp_nan
 .text.avr-libc.fplib
                0x00000630        0xe c:/program files (x86)/atmel/studio/7.0/toolchain/avr8/avr8-gnu-toolchain/bin/../lib/gcc/avr/5.4.0/../../../../avr/lib/avr5\libm.a(fp_pscA.o)
                0x00000630                __fp_pscA
 .text.avr-libc.fplib
                0x0000063e        0xe c:/program files (x86)/atmel/studio/7.0/toolchain/avr8/avr8-gnu-toolchain/bin/../lib/gcc/avr/5.4.0/../../../../avr/lib/avr5\libm.a(fp_pscB.o)
                0x0000063e                __fp_pscB
 .text.avr-libc.fplib
                0x0000064c       0x22 c:/program files (x86)/atmel/studio/7.0/toolchain/avr8/avr8-gnu-toolchain/bin/../lib/gcc/avr/5.4.0/../../../../avr/lib/avr5\libm.a(fp_round.o)
                0x0000064c                __fp_round
 .text.avr-libc.fplib
                0x0000066e       0x44 c:/program files (x86)/atmel/studio/7.0/toolchain/avr8/avr8-gnu-toolchain/bin/../lib/gcc/avr/5.4.0/../../../../avr/lib/avr5\libm.a(fp_split3.o)
                0x0000066e                __fp_split3
                0x0000067e                __fp_splitA
 .text.avr-libc.fplib
                0x000006b2        0xe c:/program files (x86)/atmel/studio/7.0/toolchain/avr8/avr8-gnu-toolchain/bin/../lib/gcc/avr/5.4.0/../../../../avr/lib/avr5\libm.a(fp_zero.o)
                0x000006b2                __fp_zero
                0x000006b4                __fp_szero
 .text.avr-libc.fplib
                0x000006c0        0xa c:/program files (x86)/atmel/studio/7.0/toolchain/avr8/avr8-gnu-toolchain/bin/../lib/gcc/avr/5.4.0/../../../../avr/lib/avr5\libm.a(gesf2.o)
                0x000006c0                __gesf2
                0x000006c0                __gtsf2
 .text.avr-libc.fplib
                0x000006ca        0x8 c:/program files (x86)/atmel/studio/7.0/toolchain/avr8/avr8-gnu-toolchain/bin/../lib/gcc/avr/5.4.0/../../../../avr/lib/avr5\libm.a(mulsf3.o)
                0x000006ca                __mulsf3
 .text.avr-libc.fplib
                0x000006d2       0xd2 c:/program files (x86)/atmel/studio/7.0/toolchain/avr8/avr8-gnu-toolchain/bin/../lib/gcc/avr/5.4.0/../../../../avr/lib/avr5\libm.a(mulsf3x.o)
                0x000006f0                __mulsf3x
                0x000006f6                __mulsf3_pse
 .text._ZN14HardwareSerial9availableEv
                0x000007a4       0x18 D:\hanze\Hanze jaar 2\Project-embedded-systems\afstand_sensor\ArduinoSketch1\ArduinoCore\Debug\libArduinoCore.a(HardwareSerial.o)
                0x000007a4                _ZN14HardwareSerial9availableEv
 .text._ZN14HardwareSerial4peekEv
                0x000007bc       0x1c D:\hanze\Hanze jaar 2\Project-embedded-systems\afstand_sensor\ArduinoSketch1\ArduinoCore\Debug\libArduinoCore.a(HardwareSerial.o)
                0x000007bc                _ZN14HardwareSerial4peekEv
 .text._ZN14HardwareSerial4readEv
                0x000007d8       0x28 D:\hanze\Hanze jaar 2\Project-embedded-systems\afstand_sensor\ArduinoSketch1\ArduinoCore\Debug\libArduinoCore.a(HardwareSerial.o)
                0x000007d8                _ZN14HardwareSerial4readEv
 .text._ZN14HardwareSerial17availableForWriteEv
                0x00000800       0x1e D:\hanze\Hanze jaar 2\Project-embedded-systems\afstand_sensor\ArduinoSketch1\ArduinoCore\Debug\libArduinoCore.a(HardwareSerial.o)
                0x00000800                _ZN14HardwareSerial17availableForWriteEv
 .text._Z14serialEventRunv
                0x0000081e       0x1c D:\hanze\Hanze jaar 2\Project-embedded-systems\afstand_sensor\ArduinoSketch1\ArduinoCore\Debug\libArduinoCore.a(HardwareSerial.o)
                0x0000081e                _Z14serialEventRunv
 .text._ZN14HardwareSerial17_tx_udr_empty_irqEv
                0x0000083a       0x44 D:\hanze\Hanze jaar 2\Project-embedded-systems\afstand_sensor\ArduinoSketch1\ArduinoCore\Debug\libArduinoCore.a(HardwareSerial.o)
                0x0000083a                _ZN14HardwareSerial17_tx_udr_empty_irqEv
 .text._ZN14HardwareSerial5writeEh
                0x0000087e       0x9a D:\hanze\Hanze jaar 2\Project-embedded-systems\afstand_sensor\ArduinoSketch1\ArduinoCore\Debug\libArduinoCore.a(HardwareSerial.o)
                0x0000087e                _ZN14HardwareSerial5writeEh
 .text._ZN14HardwareSerial5flushEv
                0x00000918       0x44 D:\hanze\Hanze jaar 2\Project-embedded-systems\afstand_sensor\ArduinoSketch1\ArduinoCore\Debug\libArduinoCore.a(HardwareSerial.o)
                0x00000918                _ZN14HardwareSerial5flushEv
 .text._ZN14HardwareSerial5beginEmh
                0x0000095c       0xca D:\hanze\Hanze jaar 2\Project-embedded-systems\afstand_sensor\ArduinoSketch1\ArduinoCore\Debug\libArduinoCore.a(HardwareSerial.o)
                0x0000095c                _ZN14HardwareSerial5beginEmh
 .text.__vector_18
                0x00000a26       0x64 D:\hanze\Hanze jaar 2\Project-embedded-systems\afstand_sensor\ArduinoSketch1\ArduinoCore\Debug\libArduinoCore.a(HardwareSerial0.o)
                0x00000a26                __vector_18
 .text.__vector_19
                0x00000a8a       0x4c D:\hanze\Hanze jaar 2\Project-embedded-systems\afstand_sensor\ArduinoSketch1\ArduinoCore\Debug\libArduinoCore.a(HardwareSerial0.o)
                0x00000a8a                __vector_19
 .text._Z17Serial0_availablev
                0x00000ad6       0x14 D:\hanze\Hanze jaar 2\Project-embedded-systems\afstand_sensor\ArduinoSketch1\ArduinoCore\Debug\libArduinoCore.a(HardwareSerial0.o)
                0x00000ad6                _Z17Serial0_availablev
 .text.startup._GLOBAL__sub_I___vector_18
                0x00000aea       0x5a D:\hanze\Hanze jaar 2\Project-embedded-systems\afstand_sensor\ArduinoSketch1\ArduinoCore\Debug\libArduinoCore.a(HardwareSerial0.o)
 .text.initVariant
                0x00000b44        0x2 D:\hanze\Hanze jaar 2\Project-embedded-systems\afstand_sensor\ArduinoSketch1\ArduinoCore\Debug\libArduinoCore.a(main.o)
                0x00000b44                initVariant
 .text.startup.main
                0x00000b46       0x1e D:\hanze\Hanze jaar 2\Project-embedded-systems\afstand_sensor\ArduinoSketch1\ArduinoCore\Debug\libArduinoCore.a(main.o)
                0x00000b46                main
 .text._ZN5Print5writeEPKhj
                0x00000b64       0x54 D:\hanze\Hanze jaar 2\Project-embedded-systems\afstand_sensor\ArduinoSketch1\ArduinoCore\Debug\libArduinoCore.a(Print.o)
                0x00000b64                _ZN5Print5writeEPKhj
 .text._ZN5Print5writeEPKc
                0x00000bb8       0x2a D:\hanze\Hanze jaar 2\Project-embedded-systems\afstand_sensor\ArduinoSketch1\ArduinoCore\Debug\libArduinoCore.a(Print.o)
                0x00000bb8                _ZN5Print5writeEPKc
 .text._ZN5Print5printEPKc
                0x00000be2        0x4 D:\hanze\Hanze jaar 2\Project-embedded-systems\afstand_sensor\ArduinoSketch1\ArduinoCore\Debug\libArduinoCore.a(Print.o)
                0x00000be2                _ZN5Print5printEPKc
 .text._ZN5Print5printEc
                0x00000be6        0xe D:\hanze\Hanze jaar 2\Project-embedded-systems\afstand_sensor\ArduinoSketch1\ArduinoCore\Debug\libArduinoCore.a(Print.o)
                0x00000be6                _ZN5Print5printEc
 .text._ZN5Print7printlnEv
                0x00000bf4        0x8 D:\hanze\Hanze jaar 2\Project-embedded-systems\afstand_sensor\ArduinoSketch1\ArduinoCore\Debug\libArduinoCore.a(Print.o)
                0x00000bf4                _ZN5Print7printlnEv
 .text._ZN5Print11printNumberEmh
                0x00000bfc       0x92 D:\hanze\Hanze jaar 2\Project-embedded-systems\afstand_sensor\ArduinoSketch1\ArduinoCore\Debug\libArduinoCore.a(Print.o)
                0x00000bfc                _ZN5Print11printNumberEmh
 .text._ZN5Print5printEmi
                0x00000c8e       0x1a D:\hanze\Hanze jaar 2\Project-embedded-systems\afstand_sensor\ArduinoSketch1\ArduinoCore\Debug\libArduinoCore.a(Print.o)
                0x00000c8e                _ZN5Print5printEmi
 .text._ZN5Print5printEji
                0x00000ca8        0xc D:\hanze\Hanze jaar 2\Project-embedded-systems\afstand_sensor\ArduinoSketch1\ArduinoCore\Debug\libArduinoCore.a(Print.o)
                0x00000ca8                _ZN5Print5printEji
 .text._ZN5Print10printFloatEdh
                0x00000cb4      0x1b6 D:\hanze\Hanze jaar 2\Project-embedded-systems\afstand_sensor\ArduinoSketch1\ArduinoCore\Debug\libArduinoCore.a(Print.o)
                0x00000cb4                _ZN5Print10printFloatEdh
 .text._ZN5Print5printEdi
                0x00000e6a        0x4 D:\hanze\Hanze jaar 2\Project-embedded-systems\afstand_sensor\ArduinoSketch1\ArduinoCore\Debug\libArduinoCore.a(Print.o)
                0x00000e6a                _ZN5Print5printEdi
 .text._ZN5Print7printlnEdi
                0x00000e6e       0x24 D:\hanze\Hanze jaar 2\Project-embedded-systems\afstand_sensor\ArduinoSketch1\ArduinoCore\Debug\libArduinoCore.a(Print.o)
                0x00000e6e                _ZN5Print7printlnEdi
 .text.__vector_16
                0x00000e92       0x94 D:\hanze\Hanze jaar 2\Project-embedded-systems\afstand_sensor\ArduinoSketch1\ArduinoCore\Debug\libArduinoCore.a(wiring.o)
                0x00000e92                __vector_16
 .text.micros   0x00000f26       0x4a D:\hanze\Hanze jaar 2\Project-embedded-systems\afstand_sensor\ArduinoSketch1\ArduinoCore\Debug\libArduinoCore.a(wiring.o)
                0x00000f26                micros
 .text.delay    0x00000f70       0x78 D:\hanze\Hanze jaar 2\Project-embedded-systems\afstand_sensor\ArduinoSketch1\ArduinoCore\Debug\libArduinoCore.a(wiring.o)
                0x00000f70                delay
 .text.delayMicroseconds
                0x00000fe8       0x16 D:\hanze\Hanze jaar 2\Project-embedded-systems\afstand_sensor\ArduinoSketch1\ArduinoCore\Debug\libArduinoCore.a(wiring.o)
                0x00000fe8                delayMicroseconds
 .text.init     0x00000ffe       0x76 D:\hanze\Hanze jaar 2\Project-embedded-systems\afstand_sensor\ArduinoSketch1\ArduinoCore\Debug\libArduinoCore.a(wiring.o)
                0x00000ffe                init
 .text.turnOffPWM
                0x00001074       0x52 D:\hanze\Hanze jaar 2\Project-embedded-systems\afstand_sensor\ArduinoSketch1\ArduinoCore\Debug\libArduinoCore.a(wiring_digital.o)
 .text.pinMode  0x000010c6       0x78 D:\hanze\Hanze jaar 2\Project-embedded-systems\afstand_sensor\ArduinoSketch1\ArduinoCore\Debug\libArduinoCore.a(wiring_digital.o)
                0x000010c6                pinMode
 .text.digitalWrite
                0x0000113e       0x5e D:\hanze\Hanze jaar 2\Project-embedded-systems\afstand_sensor\ArduinoSketch1\ArduinoCore\Debug\libArduinoCore.a(wiring_digital.o)
                0x0000113e                digitalWrite
 .text.pulseIn  0x0000119c       0x64 D:\hanze\Hanze jaar 2\Project-embedded-systems\afstand_sensor\ArduinoSketch1\ArduinoCore\Debug\libArduinoCore.a(wiring_pulse.o)
                0x0000119c                pulseIn
 .text.__empty  0x00001200        0x2 D:\hanze\Hanze jaar 2\Project-embedded-systems\afstand_sensor\ArduinoSketch1\ArduinoCore\Debug\libArduinoCore.a(hooks.o)
                0x00001200                yield
 .text.avr-libc.fplib
                0x00001202        0x8 c:/program files (x86)/atmel/studio/7.0/toolchain/avr8/avr8-gnu-toolchain/bin/../lib/gcc/avr/5.4.0/../../../../avr/lib/avr5\libm.a(divsf3.o)
                0x00001202                __divsf3
 .text.avr-libc.fplib
                0x0000120a       0xdc c:/program files (x86)/atmel/studio/7.0/toolchain/avr8/avr8-gnu-toolchain/bin/../lib/gcc/avr/5.4.0/../../../../avr/lib/avr5\libm.a(divsf3x.o)
                0x0000122a                __divsf3x
                0x00001230                __divsf3_pse
 .text.avr-libc.fplib
                0x000012e6       0x5e c:/program files (x86)/atmel/studio/7.0/toolchain/avr8/avr8-gnu-toolchain/bin/../lib/gcc/avr/5.4.0/../../../../avr/lib/avr5\libm.a(fixunssfsi.o)
                0x000012e6                __fixunssfsi
 .text.avr-libc.fplib
                0x00001344        0xa c:/program files (x86)/atmel/studio/7.0/toolchain/avr8/avr8-gnu-toolchain/bin/../lib/gcc/avr/5.4.0/../../../../avr/lib/avr5\libm.a(unordsf2.o)
                0x00001344                __unordsf2
 .text.libgcc.div
                0x0000134e       0x44 c:/program files (x86)/atmel/studio/7.0/toolchain/avr8/avr8-gnu-toolchain/bin/../lib/gcc/avr/5.4.0/avr5\libgcc.a(_udivmodsi4.o)
                0x0000134e                __udivmodsi4
 .text.libgcc   0x00001392        0xc c:/program files (x86)/atmel/studio/7.0/toolchain/avr8/avr8-gnu-toolchain/bin/../lib/gcc/avr/5.4.0/avr5\libgcc.a(_tablejump2.o)
                0x00001392                __tablejump2__
                0x0000139e                . = ALIGN (0x2)
 *(.fini9)
 .fini9         0x0000139e        0x0 c:/program files (x86)/atmel/studio/7.0/toolchain/avr8/avr8-gnu-toolchain/bin/../lib/gcc/avr/5.4.0/avr5\libgcc.a(_exit.o)
                0x0000139e                _exit
                0x0000139e                exit
 *(.fini9)
 *(.fini8)
 *(.fini8)
 *(.fini7)
 *(.fini7)
 *(.fini6)
 *(.fini6)
 *(.fini5)
 *(.fini5)
 *(.fini4)
 *(.fini4)
 *(.fini3)
 *(.fini3)
 *(.fini2)
 *(.fini2)
 *(.fini1)
 *(.fini1)
 *(.fini0)
 .fini0         0x0000139e        0x4 c:/program files (x86)/atmel/studio/7.0/toolchain/avr8/avr8-gnu-toolchain/bin/../lib/gcc/avr/5.4.0/avr5\libgcc.a(_exit.o)
 *(.fini0)
                0x000013a2                _etext = .

.data           0x00800100       0x30 load address 0x000013a2
                0x00800100                PROVIDE (__data_start, .)
 *(.data)
 *(.data*)
 .data.current  0x00800100        0x2 Sketch.o
                0x00800100                current
 .data.triggerPin
                0x00800102        0x2 Sketch.o
                0x00800102                triggerPin
 .data.echoPin  0x00800104        0x2 Sketch.o
                0x00800104                echoPin
 .data.ledPinRood
                0x00800106        0x2 Sketch.o
                0x00800106                ledPinRood
 .data.ledPinGeel
                0x00800108        0x2 Sketch.o
                0x00800108                ledPinGeel
 .data.ledPinGroen
                0x0080010a        0x2 Sketch.o
                0x0080010a                ledPinGroen
 *(.gnu.linkonce.d*)
 *(.rodata)
 *(.rodata*)
 .rodata.str1.1
                0x0080010c        0x3 Sketch.o
 .rodata._ZTV14HardwareSerial
                0x0080010f       0x12 D:\hanze\Hanze jaar 2\Project-embedded-systems\afstand_sensor\ArduinoSketch1\ArduinoCore\Debug\libArduinoCore.a(HardwareSerial.o)
                0x0080010f                _ZTV14HardwareSerial
 .rodata.str1.1
                0x00800121        0xf D:\hanze\Hanze jaar 2\Project-embedded-systems\afstand_sensor\ArduinoSketch1\ArduinoCore\Debug\libArduinoCore.a(Print.o)
 *(.gnu.linkonce.r*)
                0x00800130                . = ALIGN (0x2)
                0x00800130                _edata = .
                0x00800130                PROVIDE (__data_end, .)

.bss            0x00800130       0xb6
                0x00800130                PROVIDE (__bss_start, .)
 *(.bss)
 *(.bss*)
 .bss.durationMicroSec
                0x00800130        0x4 Sketch.o
                0x00800130                durationMicroSec
 .bss.distanceCm
                0x00800134        0x4 Sketch.o
                0x00800134                distanceCm
 .bss.meet2     0x00800138        0x4 Sketch.o
                0x00800138                meet2
 .bss.meet1     0x0080013c        0x4 Sketch.o
                0x0080013c                meet1
 .bss.Serial    0x00800140       0x9d D:\hanze\Hanze jaar 2\Project-embedded-systems\afstand_sensor\ArduinoSketch1\ArduinoCore\Debug\libArduinoCore.a(HardwareSerial0.o)
                0x00800140                Serial
 .bss.timer0_fract
                0x008001dd        0x1 D:\hanze\Hanze jaar 2\Project-embedded-systems\afstand_sensor\ArduinoSketch1\ArduinoCore\Debug\libArduinoCore.a(wiring.o)
 .bss.timer0_millis
                0x008001de        0x4 D:\hanze\Hanze jaar 2\Project-embedded-systems\afstand_sensor\ArduinoSketch1\ArduinoCore\Debug\libArduinoCore.a(wiring.o)
                0x008001de                timer0_millis
 .bss.timer0_overflow_count
                0x008001e2        0x4 D:\hanze\Hanze jaar 2\Project-embedded-systems\afstand_sensor\ArduinoSketch1\ArduinoCore\Debug\libArduinoCore.a(wiring.o)
                0x008001e2                timer0_overflow_count
 *(COMMON)
                0x008001e6                PROVIDE (__bss_end, .)
                0x000013a2                __data_load_start = LOADADDR (.data)
                0x000013d2                __data_load_end = (__data_load_start + SIZEOF (.data))

.noinit         0x008001e6        0x0
                [!provide]                PROVIDE (__noinit_start, .)
 *(.noinit*)
                [!provide]                PROVIDE (__noinit_end, .)
                0x008001e6                _end = .
                [!provide]                PROVIDE (__heap_start, .)

.eeprom         0x00810000        0x0
 *(.eeprom*)
                0x00810000                __eeprom_end = .

.fuse
 *(.fuse)
 *(.lfuse)
 *(.hfuse)
 *(.efuse)

.lock
 *(.lock*)

.signature
 *(.signature*)

.user_signatures
 *(.user_signatures*)

.stab
 *(.stab)

.stabstr
 *(.stabstr)

.stab.excl
 *(.stab.excl)

.stab.exclstr
 *(.stab.exclstr)

.stab.index
 *(.stab.index)

.stab.indexstr
 *(.stab.indexstr)

.comment        0x00000000       0x60
 *(.comment)
 .comment       0x00000000       0x30 Sketch.o
                                 0x31 (size before relaxing)
 .comment       0x00000030       0x30 D:\hanze\Hanze jaar 2\Project-embedded-systems\afstand_sensor\ArduinoSketch1\ArduinoCore\Debug\libArduinoCore.a(HardwareSerial.o)
                                 0x31 (size before relaxing)
 .comment       0x00000060       0x31 D:\hanze\Hanze jaar 2\Project-embedded-systems\afstand_sensor\ArduinoSketch1\ArduinoCore\Debug\libArduinoCore.a(HardwareSerial0.o)
 .comment       0x00000060       0x31 D:\hanze\Hanze jaar 2\Project-embedded-systems\afstand_sensor\ArduinoSketch1\ArduinoCore\Debug\libArduinoCore.a(main.o)
 .comment       0x00000060       0x31 D:\hanze\Hanze jaar 2\Project-embedded-systems\afstand_sensor\ArduinoSketch1\ArduinoCore\Debug\libArduinoCore.a(Print.o)
 .comment       0x00000060       0x31 D:\hanze\Hanze jaar 2\Project-embedded-systems\afstand_sensor\ArduinoSketch1\ArduinoCore\Debug\libArduinoCore.a(wiring.o)
 .comment       0x00000060       0x31 D:\hanze\Hanze jaar 2\Project-embedded-systems\afstand_sensor\ArduinoSketch1\ArduinoCore\Debug\libArduinoCore.a(wiring_digital.o)
 .comment       0x00000060       0x31 D:\hanze\Hanze jaar 2\Project-embedded-systems\afstand_sensor\ArduinoSketch1\ArduinoCore\Debug\libArduinoCore.a(wiring_pulse.o)
 .comment       0x00000060       0x31 D:\hanze\Hanze jaar 2\Project-embedded-systems\afstand_sensor\ArduinoSketch1\ArduinoCore\Debug\libArduinoCore.a(hooks.o)

.note.gnu.avr.deviceinfo
                0x00000000       0x40
 .note.gnu.avr.deviceinfo
                0x00000000       0x40 C:/Program Files (x86)/Atmel/Studio/7.0/Packs/atmel/ATmega_DFP/1.3.300/gcc/dev/atmega328p/avr5/crtatmega328p.o

.note.gnu.build-id
 *(.note.gnu.build-id)

.debug
 *(.debug)

.line
 *(.line)

.debug_srcinfo
 *(.debug_srcinfo)

.debug_sfnames
 *(.debug_sfnames)

.debug_aranges  0x00000000      0x300
 *(.debug_aranges)
 .debug_aranges
                0x00000000       0x38 Sketch.o
 .debug_aranges
                0x00000038       0x68 D:\hanze\Hanze jaar 2\Project-embedded-systems\afstand_sensor\ArduinoSketch1\ArduinoCore\Debug\libArduinoCore.a(HardwareSerial.o)
 .debug_aranges
                0x000000a0       0x48 D:\hanze\Hanze jaar 2\Project-embedded-systems\afstand_sensor\ArduinoSketch1\ArduinoCore\Debug\libArduinoCore.a(HardwareSerial0.o)
 .debug_aranges
                0x000000e8       0x30 D:\hanze\Hanze jaar 2\Project-embedded-systems\afstand_sensor\ArduinoSketch1\ArduinoCore\Debug\libArduinoCore.a(main.o)
 .debug_aranges
                0x00000118      0x100 D:\hanze\Hanze jaar 2\Project-embedded-systems\afstand_sensor\ArduinoSketch1\ArduinoCore\Debug\libArduinoCore.a(Print.o)
 .debug_aranges
                0x00000218       0x48 D:\hanze\Hanze jaar 2\Project-embedded-systems\afstand_sensor\ArduinoSketch1\ArduinoCore\Debug\libArduinoCore.a(wiring.o)
 .debug_aranges
                0x00000260       0x38 D:\hanze\Hanze jaar 2\Project-embedded-systems\afstand_sensor\ArduinoSketch1\ArduinoCore\Debug\libArduinoCore.a(wiring_digital.o)
 .debug_aranges
                0x00000298       0x28 D:\hanze\Hanze jaar 2\Project-embedded-systems\afstand_sensor\ArduinoSketch1\ArduinoCore\Debug\libArduinoCore.a(wiring_pulse.o)
 .debug_aranges
                0x000002c0       0x20 D:\hanze\Hanze jaar 2\Project-embedded-systems\afstand_sensor\ArduinoSketch1\ArduinoCore\Debug\libArduinoCore.a(hooks.o)
 .debug_aranges
                0x000002e0       0x20 D:\hanze\Hanze jaar 2\Project-embedded-systems\afstand_sensor\ArduinoSketch1\ArduinoCore\Debug\libArduinoCore.a(wiring_pulse.o)

.debug_pubnames
 *(.debug_pubnames)

.debug_info     0x00000000     0x8028
 *(.debug_info .gnu.linkonce.wi.*)
 .debug_info    0x00000000      0x5f4 C:/Program Files (x86)/Atmel/Studio/7.0/Packs/atmel/ATmega_DFP/1.3.300/gcc/dev/atmega328p/avr5/crtatmega328p.o
 .debug_info    0x000005f4      0x65c Sketch.o
 .debug_info    0x00000c50     0x1f64 D:\hanze\Hanze jaar 2\Project-embedded-systems\afstand_sensor\ArduinoSketch1\ArduinoCore\Debug\libArduinoCore.a(HardwareSerial.o)
 .debug_info    0x00002bb4     0x1b16 D:\hanze\Hanze jaar 2\Project-embedded-systems\afstand_sensor\ArduinoSketch1\ArduinoCore\Debug\libArduinoCore.a(HardwareSerial0.o)
 .debug_info    0x000046ca      0x237 D:\hanze\Hanze jaar 2\Project-embedded-systems\afstand_sensor\ArduinoSketch1\ArduinoCore\Debug\libArduinoCore.a(main.o)
 .debug_info    0x00004901     0x28ff D:\hanze\Hanze jaar 2\Project-embedded-systems\afstand_sensor\ArduinoSketch1\ArduinoCore\Debug\libArduinoCore.a(Print.o)
 .debug_info    0x00007200      0x2cb D:\hanze\Hanze jaar 2\Project-embedded-systems\afstand_sensor\ArduinoSketch1\ArduinoCore\Debug\libArduinoCore.a(wiring.o)
 .debug_info    0x000074cb      0x5fe D:\hanze\Hanze jaar 2\Project-embedded-systems\afstand_sensor\ArduinoSketch1\ArduinoCore\Debug\libArduinoCore.a(wiring_digital.o)
 .debug_info    0x00007ac9      0x470 D:\hanze\Hanze jaar 2\Project-embedded-systems\afstand_sensor\ArduinoSketch1\ArduinoCore\Debug\libArduinoCore.a(wiring_pulse.o)
 .debug_info    0x00007f39       0x3e D:\hanze\Hanze jaar 2\Project-embedded-systems\afstand_sensor\ArduinoSketch1\ArduinoCore\Debug\libArduinoCore.a(hooks.o)
 .debug_info    0x00007f77       0xb1 D:\hanze\Hanze jaar 2\Project-embedded-systems\afstand_sensor\ArduinoSketch1\ArduinoCore\Debug\libArduinoCore.a(wiring_pulse.o)

.debug_abbrev   0x00000000     0x1a07
 *(.debug_abbrev)
 .debug_abbrev  0x00000000      0x5a2 C:/Program Files (x86)/Atmel/Studio/7.0/Packs/atmel/ATmega_DFP/1.3.300/gcc/dev/atmega328p/avr5/crtatmega328p.o
 .debug_abbrev  0x000005a2      0x239 Sketch.o
 .debug_abbrev  0x000007db      0x4b7 D:\hanze\Hanze jaar 2\Project-embedded-systems\afstand_sensor\ArduinoSketch1\ArduinoCore\Debug\libArduinoCore.a(HardwareSerial.o)
 .debug_abbrev  0x00000c92      0x3ce D:\hanze\Hanze jaar 2\Project-embedded-systems\afstand_sensor\ArduinoSketch1\ArduinoCore\Debug\libArduinoCore.a(HardwareSerial0.o)
 .debug_abbrev  0x00001060      0x12d D:\hanze\Hanze jaar 2\Project-embedded-systems\afstand_sensor\ArduinoSketch1\ArduinoCore\Debug\libArduinoCore.a(main.o)
 .debug_abbrev  0x0000118d      0x47a D:\hanze\Hanze jaar 2\Project-embedded-systems\afstand_sensor\ArduinoSketch1\ArduinoCore\Debug\libArduinoCore.a(Print.o)
 .debug_abbrev  0x00001607      0x146 D:\hanze\Hanze jaar 2\Project-embedded-systems\afstand_sensor\ArduinoSketch1\ArduinoCore\Debug\libArduinoCore.a(wiring.o)
 .debug_abbrev  0x0000174d      0x15b D:\hanze\Hanze jaar 2\Project-embedded-systems\afstand_sensor\ArduinoSketch1\ArduinoCore\Debug\libArduinoCore.a(wiring_digital.o)
 .debug_abbrev  0x000018a8      0x121 D:\hanze\Hanze jaar 2\Project-embedded-systems\afstand_sensor\ArduinoSketch1\ArduinoCore\Debug\libArduinoCore.a(wiring_pulse.o)
 .debug_abbrev  0x000019c9       0x2a D:\hanze\Hanze jaar 2\Project-embedded-systems\afstand_sensor\ArduinoSketch1\ArduinoCore\Debug\libArduinoCore.a(hooks.o)
 .debug_abbrev  0x000019f3       0x14 D:\hanze\Hanze jaar 2\Project-embedded-systems\afstand_sensor\ArduinoSketch1\ArduinoCore\Debug\libArduinoCore.a(wiring_pulse.o)

.debug_line     0x00000000     0x1c58
 *(.debug_line .debug_line.* .debug_line_end)
 .debug_line    0x00000000      0x133 C:/Program Files (x86)/Atmel/Studio/7.0/Packs/atmel/ATmega_DFP/1.3.300/gcc/dev/atmega328p/avr5/crtatmega328p.o
 .debug_line    0x00000133      0x313 Sketch.o
 .debug_line    0x00000446      0x4c4 D:\hanze\Hanze jaar 2\Project-embedded-systems\afstand_sensor\ArduinoSketch1\ArduinoCore\Debug\libArduinoCore.a(HardwareSerial.o)
 .debug_line    0x0000090a      0x28c D:\hanze\Hanze jaar 2\Project-embedded-systems\afstand_sensor\ArduinoSketch1\ArduinoCore\Debug\libArduinoCore.a(HardwareSerial0.o)
 .debug_line    0x00000b96      0x165 D:\hanze\Hanze jaar 2\Project-embedded-systems\afstand_sensor\ArduinoSketch1\ArduinoCore\Debug\libArduinoCore.a(main.o)
 .debug_line    0x00000cfb      0x685 D:\hanze\Hanze jaar 2\Project-embedded-systems\afstand_sensor\ArduinoSketch1\ArduinoCore\Debug\libArduinoCore.a(Print.o)
 .debug_line    0x00001380      0x299 D:\hanze\Hanze jaar 2\Project-embedded-systems\afstand_sensor\ArduinoSketch1\ArduinoCore\Debug\libArduinoCore.a(wiring.o)
 .debug_line    0x00001619      0x252 D:\hanze\Hanze jaar 2\Project-embedded-systems\afstand_sensor\ArduinoSketch1\ArduinoCore\Debug\libArduinoCore.a(wiring_digital.o)
 .debug_line    0x0000186b      0x1b6 D:\hanze\Hanze jaar 2\Project-embedded-systems\afstand_sensor\ArduinoSketch1\ArduinoCore\Debug\libArduinoCore.a(wiring_pulse.o)
 .debug_line    0x00001a21       0x41 D:\hanze\Hanze jaar 2\Project-embedded-systems\afstand_sensor\ArduinoSketch1\ArduinoCore\Debug\libArduinoCore.a(hooks.o)
 .debug_line    0x00001a62      0x1f6 D:\hanze\Hanze jaar 2\Project-embedded-systems\afstand_sensor\ArduinoSketch1\ArduinoCore\Debug\libArduinoCore.a(wiring_pulse.o)

.debug_frame    0x00000000      0x89c
 *(.debug_frame)
 .debug_frame   0x00000000       0xb8 Sketch.o
 .debug_frame   0x000000b8      0x110 D:\hanze\Hanze jaar 2\Project-embedded-systems\afstand_sensor\ArduinoSketch1\ArduinoCore\Debug\libArduinoCore.a(HardwareSerial.o)
 .debug_frame   0x000001c8       0xe0 D:\hanze\Hanze jaar 2\Project-embedded-systems\afstand_sensor\ArduinoSketch1\ArduinoCore\Debug\libArduinoCore.a(HardwareSerial0.o)
 .debug_frame   0x000002a8       0x54 D:\hanze\Hanze jaar 2\Project-embedded-systems\afstand_sensor\ArduinoSketch1\ArduinoCore\Debug\libArduinoCore.a(main.o)
 .debug_frame   0x000002fc      0x3ac D:\hanze\Hanze jaar 2\Project-embedded-systems\afstand_sensor\ArduinoSketch1\ArduinoCore\Debug\libArduinoCore.a(Print.o)
 .debug_frame   0x000006a8       0xc4 D:\hanze\Hanze jaar 2\Project-embedded-systems\afstand_sensor\ArduinoSketch1\ArduinoCore\Debug\libArduinoCore.a(wiring.o)
 .debug_frame   0x0000076c       0x7c D:\hanze\Hanze jaar 2\Project-embedded-systems\afstand_sensor\ArduinoSketch1\ArduinoCore\Debug\libArduinoCore.a(wiring_digital.o)
 .debug_frame   0x000007e8       0x90 D:\hanze\Hanze jaar 2\Project-embedded-systems\afstand_sensor\ArduinoSketch1\ArduinoCore\Debug\libArduinoCore.a(wiring_pulse.o)
 .debug_frame   0x00000878       0x24 D:\hanze\Hanze jaar 2\Project-embedded-systems\afstand_sensor\ArduinoSketch1\ArduinoCore\Debug\libArduinoCore.a(hooks.o)

.debug_str      0x00000000     0x2052
 *(.debug_str)
 .debug_str     0x00000000      0x208 C:/Program Files (x86)/Atmel/Studio/7.0/Packs/atmel/ATmega_DFP/1.3.300/gcc/dev/atmega328p/avr5/crtatmega328p.o
 .debug_str     0x00000208      0x3d5 Sketch.o
                                0x427 (size before relaxing)
 .debug_str     0x000005dd     0x1340 D:\hanze\Hanze jaar 2\Project-embedded-systems\afstand_sensor\ArduinoSketch1\ArduinoCore\Debug\libArduinoCore.a(HardwareSerial.o)
                               0x161a (size before relaxing)
 .debug_str     0x0000191d       0xca D:\hanze\Hanze jaar 2\Project-embedded-systems\afstand_sensor\ArduinoSketch1\ArduinoCore\Debug\libArduinoCore.a(HardwareSerial0.o)
                               0x140d (size before relaxing)
 .debug_str     0x000019e7       0x37 D:\hanze\Hanze jaar 2\Project-embedded-systems\afstand_sensor\ArduinoSketch1\ArduinoCore\Debug\libArduinoCore.a(main.o)
                                0x2b9 (size before relaxing)
 .debug_str     0x00001a1e      0x3a7 D:\hanze\Hanze jaar 2\Project-embedded-systems\afstand_sensor\ArduinoSketch1\ArduinoCore\Debug\libArduinoCore.a(Print.o)
                               0x1247 (size before relaxing)
 .debug_str     0x00001dc5      0x14a D:\hanze\Hanze jaar 2\Project-embedded-systems\afstand_sensor\ArduinoSketch1\ArduinoCore\Debug\libArduinoCore.a(wiring.o)
                                0x24f (size before relaxing)
 .debug_str     0x00001f0f       0xc7 D:\hanze\Hanze jaar 2\Project-embedded-systems\afstand_sensor\ArduinoSketch1\ArduinoCore\Debug\libArduinoCore.a(wiring_digital.o)
                                0x2b4 (size before relaxing)
 .debug_str     0x00001fd6       0x60 D:\hanze\Hanze jaar 2\Project-embedded-systems\afstand_sensor\ArduinoSketch1\ArduinoCore\Debug\libArduinoCore.a(wiring_pulse.o)
                                0x28f (size before relaxing)
 .debug_str     0x00002036       0x1c D:\hanze\Hanze jaar 2\Project-embedded-systems\afstand_sensor\ArduinoSketch1\ArduinoCore\Debug\libArduinoCore.a(hooks.o)
                                0x144 (size before relaxing)

.debug_loc      0x00000000     0x321c
 *(.debug_loc)
 .debug_loc     0x00000000      0x207 Sketch.o
 .debug_loc     0x00000207      0x4dc D:\hanze\Hanze jaar 2\Project-embedded-systems\afstand_sensor\ArduinoSketch1\ArduinoCore\Debug\libArduinoCore.a(HardwareSerial.o)
 .debug_loc     0x000006e3      0x1b0 D:\hanze\Hanze jaar 2\Project-embedded-systems\afstand_sensor\ArduinoSketch1\ArduinoCore\Debug\libArduinoCore.a(HardwareSerial0.o)
 .debug_loc     0x00000893     0x1c87 D:\hanze\Hanze jaar 2\Project-embedded-systems\afstand_sensor\ArduinoSketch1\ArduinoCore\Debug\libArduinoCore.a(Print.o)
 .debug_loc     0x0000251a      0x28d D:\hanze\Hanze jaar 2\Project-embedded-systems\afstand_sensor\ArduinoSketch1\ArduinoCore\Debug\libArduinoCore.a(wiring.o)
 .debug_loc     0x000027a7      0x5fc D:\hanze\Hanze jaar 2\Project-embedded-systems\afstand_sensor\ArduinoSketch1\ArduinoCore\Debug\libArduinoCore.a(wiring_digital.o)
 .debug_loc     0x00002da3      0x479 D:\hanze\Hanze jaar 2\Project-embedded-systems\afstand_sensor\ArduinoSketch1\ArduinoCore\Debug\libArduinoCore.a(wiring_pulse.o)

.debug_macinfo
 *(.debug_macinfo)

.debug_weaknames
 *(.debug_weaknames)

.debug_funcnames
 *(.debug_funcnames)

.debug_typenames
 *(.debug_typenames)

.debug_varnames
 *(.debug_varnames)

.debug_pubtypes
 *(.debug_pubtypes)

.debug_ranges   0x00000000      0x280
 *(.debug_ranges)
 .debug_ranges  0x00000000       0x28 Sketch.o
 .debug_ranges  0x00000028       0x58 D:\hanze\Hanze jaar 2\Project-embedded-systems\afstand_sensor\ArduinoSketch1\ArduinoCore\Debug\libArduinoCore.a(HardwareSerial.o)
 .debug_ranges  0x00000080       0x38 D:\hanze\Hanze jaar 2\Project-embedded-systems\afstand_sensor\ArduinoSketch1\ArduinoCore\Debug\libArduinoCore.a(HardwareSerial0.o)
 .debug_ranges  0x000000b8       0x20 D:\hanze\Hanze jaar 2\Project-embedded-systems\afstand_sensor\ArduinoSketch1\ArduinoCore\Debug\libArduinoCore.a(main.o)
 .debug_ranges  0x000000d8      0x120 D:\hanze\Hanze jaar 2\Project-embedded-systems\afstand_sensor\ArduinoSketch1\ArduinoCore\Debug\libArduinoCore.a(Print.o)
 .debug_ranges  0x000001f8       0x38 D:\hanze\Hanze jaar 2\Project-embedded-systems\afstand_sensor\ArduinoSketch1\ArduinoCore\Debug\libArduinoCore.a(wiring.o)
 .debug_ranges  0x00000230       0x28 D:\hanze\Hanze jaar 2\Project-embedded-systems\afstand_sensor\ArduinoSketch1\ArduinoCore\Debug\libArduinoCore.a(wiring_digital.o)
 .debug_ranges  0x00000258       0x18 D:\hanze\Hanze jaar 2\Project-embedded-systems\afstand_sensor\ArduinoSketch1\ArduinoCore\Debug\libArduinoCore.a(wiring_pulse.o)
 .debug_ranges  0x00000270       0x10 D:\hanze\Hanze jaar 2\Project-embedded-systems\afstand_sensor\ArduinoSketch1\ArduinoCore\Debug\libArduinoCore.a(hooks.o)

.debug_macro
 *(.debug_macro)
OUTPUT(afstandSensor.elf elf32-avr)
LOAD linker stubs
